Archive member included to satisfy reference by file (symbol)

/home/alpagut/gcc-arm-none-eabi-8-2019-q3-update/bin/../lib/gcc/arm-none-eabi/8.3.1/../../../../arm-none-eabi/lib/thumb/v7-m/nofp/libc_nano.a(lib_a-exit.o)
                              /home/alpagut/gcc-arm-none-eabi-8-2019-q3-update/bin/../lib/gcc/arm-none-eabi/8.3.1/../../../../arm-none-eabi/lib/thumb/v7-m/nofp/rdimon-crt0.o (exit)
/home/alpagut/gcc-arm-none-eabi-8-2019-q3-update/bin/../lib/gcc/arm-none-eabi/8.3.1/../../../../arm-none-eabi/lib/thumb/v7-m/nofp/libc_nano.a(lib_a-impure.o)
                              /home/alpagut/gcc-arm-none-eabi-8-2019-q3-update/bin/../lib/gcc/arm-none-eabi/8.3.1/../../../../arm-none-eabi/lib/thumb/v7-m/nofp/libc_nano.a(lib_a-exit.o) (_global_impure_ptr)
/home/alpagut/gcc-arm-none-eabi-8-2019-q3-update/bin/../lib/gcc/arm-none-eabi/8.3.1/../../../../arm-none-eabi/lib/thumb/v7-m/nofp/libc_nano.a(lib_a-init.o)
                              /home/alpagut/gcc-arm-none-eabi-8-2019-q3-update/bin/../lib/gcc/arm-none-eabi/8.3.1/../../../../arm-none-eabi/lib/thumb/v7-m/nofp/rdimon-crt0.o (__libc_init_array)
/home/alpagut/gcc-arm-none-eabi-8-2019-q3-update/bin/../lib/gcc/arm-none-eabi/8.3.1/../../../../arm-none-eabi/lib/thumb/v7-m/nofp/libc_nano.a(lib_a-memset.o)
                              /home/alpagut/gcc-arm-none-eabi-8-2019-q3-update/bin/../lib/gcc/arm-none-eabi/8.3.1/../../../../arm-none-eabi/lib/thumb/v7-m/nofp/rdimon-crt0.o (memset)
/home/alpagut/gcc-arm-none-eabi-8-2019-q3-update/bin/../lib/gcc/arm-none-eabi/8.3.1/thumb/v7-m/nofp/libgcc.a(_arm_addsubdf3.o)
                              /tmp/ccNepAPN.o (__aeabi_dsub)
/home/alpagut/gcc-arm-none-eabi-8-2019-q3-update/bin/../lib/gcc/arm-none-eabi/8.3.1/thumb/v7-m/nofp/libgcc.a(_arm_muldivdf3.o)
                              /tmp/ccNepAPN.o (__aeabi_dmul)
/home/alpagut/gcc-arm-none-eabi-8-2019-q3-update/bin/../lib/gcc/arm-none-eabi/8.3.1/thumb/v7-m/nofp/libgcc.a(_arm_cmpdf2.o)
                              /tmp/ccNepAPN.o (__aeabi_dcmplt)
/home/alpagut/gcc-arm-none-eabi-8-2019-q3-update/bin/../lib/gcc/arm-none-eabi/8.3.1/thumb/v7-m/nofp/libgcc.a(_arm_fixdfsi.o)
                              /tmp/ccNepAPN.o (__aeabi_d2iz)
/home/alpagut/gcc-arm-none-eabi-8-2019-q3-update/bin/../lib/gcc/arm-none-eabi/8.3.1/thumb/v7-m/nofp/libgcc.a(_arm_fixunsdfsi.o)
                              /tmp/ccNepAPN.o (__aeabi_d2uiz)
/home/alpagut/gcc-arm-none-eabi-8-2019-q3-update/bin/../lib/gcc/arm-none-eabi/8.3.1/../../../../arm-none-eabi/lib/thumb/v7-m/nofp/libg_nano.a(lib_a-sprintf.o)
                              /tmp/ccNepAPN.o (sprintf)
/home/alpagut/gcc-arm-none-eabi-8-2019-q3-update/bin/../lib/gcc/arm-none-eabi/8.3.1/../../../../arm-none-eabi/lib/thumb/v7-m/nofp/libg_nano.a(lib_a-nano-svfprintf.o)
                              /home/alpagut/gcc-arm-none-eabi-8-2019-q3-update/bin/../lib/gcc/arm-none-eabi/8.3.1/../../../../arm-none-eabi/lib/thumb/v7-m/nofp/libg_nano.a(lib_a-sprintf.o) (_svfprintf_r)
/home/alpagut/gcc-arm-none-eabi-8-2019-q3-update/bin/../lib/gcc/arm-none-eabi/8.3.1/../../../../arm-none-eabi/lib/thumb/v7-m/nofp/libg_nano.a(lib_a-nano-vfprintf_i.o)
                              /home/alpagut/gcc-arm-none-eabi-8-2019-q3-update/bin/../lib/gcc/arm-none-eabi/8.3.1/../../../../arm-none-eabi/lib/thumb/v7-m/nofp/libg_nano.a(lib_a-nano-svfprintf.o) (_printf_i)
/home/alpagut/gcc-arm-none-eabi-8-2019-q3-update/bin/../lib/gcc/arm-none-eabi/8.3.1/../../../../arm-none-eabi/lib/thumb/v7-m/nofp/libg_nano.a(lib_a-memchr-stub.o)
                              /home/alpagut/gcc-arm-none-eabi-8-2019-q3-update/bin/../lib/gcc/arm-none-eabi/8.3.1/../../../../arm-none-eabi/lib/thumb/v7-m/nofp/libg_nano.a(lib_a-nano-svfprintf.o) (memchr)
/home/alpagut/gcc-arm-none-eabi-8-2019-q3-update/bin/../lib/gcc/arm-none-eabi/8.3.1/../../../../arm-none-eabi/lib/thumb/v7-m/nofp/libg_nano.a(lib_a-memcpy-stub.o)
                              /home/alpagut/gcc-arm-none-eabi-8-2019-q3-update/bin/../lib/gcc/arm-none-eabi/8.3.1/../../../../arm-none-eabi/lib/thumb/v7-m/nofp/libg_nano.a(lib_a-nano-svfprintf.o) (memcpy)
/home/alpagut/gcc-arm-none-eabi-8-2019-q3-update/bin/../lib/gcc/arm-none-eabi/8.3.1/../../../../arm-none-eabi/lib/thumb/v7-m/nofp/libg_nano.a(lib_a-memmove.o)
                              /home/alpagut/gcc-arm-none-eabi-8-2019-q3-update/bin/../lib/gcc/arm-none-eabi/8.3.1/../../../../arm-none-eabi/lib/thumb/v7-m/nofp/libg_nano.a(lib_a-nano-svfprintf.o) (memmove)
/home/alpagut/gcc-arm-none-eabi-8-2019-q3-update/bin/../lib/gcc/arm-none-eabi/8.3.1/../../../../arm-none-eabi/lib/thumb/v7-m/nofp/libg_nano.a(lib_a-nano-freer.o)
                              /home/alpagut/gcc-arm-none-eabi-8-2019-q3-update/bin/../lib/gcc/arm-none-eabi/8.3.1/../../../../arm-none-eabi/lib/thumb/v7-m/nofp/libg_nano.a(lib_a-nano-svfprintf.o) (_free_r)
/home/alpagut/gcc-arm-none-eabi-8-2019-q3-update/bin/../lib/gcc/arm-none-eabi/8.3.1/../../../../arm-none-eabi/lib/thumb/v7-m/nofp/libg_nano.a(lib_a-nano-mallocr.o)
[...]
Memory Configuration

Name             Origin             Length             Attributes
FLASH            0x0000000008000000 0x0000000000020000 xr
RAM              0x0000000020000000 0x0000000000005000 xrw
MEMORY_B1        0x0000000060000000 0x0000000000000000 xr
*default*        0x0000000000000000 0xffffffffffffffff

Linker script and memory map

LOAD /home/alpagut/gcc-arm-none-eabi-8-2019-q3-update/bin/../lib/gcc/arm-none-eabi/8.3.1/thumb/v7-m/nofp/crti.o
LOAD /home/alpagut/gcc-arm-none-eabi-8-2019-q3-update/bin/../lib/gcc/arm-none-eabi/8.3.1/thumb/v7-m/nofp/crtbegin.o
LOAD /home/alpagut/gcc-arm-none-eabi-8-2019-q3-update/bin/../lib/gcc/arm-none-eabi/8.3.1/../../../../arm-none-eabi/lib/thumb/v7-m/nofp/rdimon-crt0.o
LOAD /home/alpagut/gcc-arm-none-eabi-8-2019-q3-update/bin/../lib/gcc/arm-none-eabi/8.3.1/thumb/v7-m/nofp/libgcc.a
LOAD /home/alpagut/gcc-arm-none-eabi-8-2019-q3-update/bin/../lib/gcc/arm-none-eabi/8.3.1/../../../../arm-none-eabi/lib/thumb/v7-m/nofp/libc_nano.a
LOAD /home/alpagut/gcc-arm-none-eabi-8-2019-q3-update/bin/../lib/gcc/arm-none-eabi/8.3.1/../../../../arm-none-eabi/lib/thumb/v7-m/nofp/libm.a
LOAD /tmp/ccNepAPN.o
LOAD /tmp/ccPE2RiI.o
LOAD /tmp/ccIFe8DE.o
LOAD /tmp/cc82p1WB.o
LOAD /tmp/ccDH68IB.o
LOAD /tmp/ccc2UarC.o
LOAD /tmp/ccupX8wD.o
LOAD /tmp/ccY8e8eF.o
LOAD /tmp/ccHSsXlH.o
LOAD /tmp/ccumTgiK.o
LOAD /tmp/ccEYOwON.o
LOAD /tmp/ccX98r2S.o
LOAD /tmp/ccOpaTKZ.o
LOAD /tmp/ccAUQKA7.o
LOAD /tmp/ccgG4V1g.o
LOAD /tmp/ccOlLaQq.o
LOAD /tmp/ccVj8EdB.o
LOAD /tmp/ccVUKr2M.o
LOAD /tmp/ccFlLtBZ.o
LOAD /tmp/ccmvkQdd.o
LOAD /tmp/ccotwi0r.o
LOAD /tmp/ccuct6mK.o
LOAD /tmp/ccKHus53.o
LOAD /tmp/ccVqF8bo.o
LOAD /tmp/ccLJd2II.o
LOAD /tmp/ccSdF643.o
LOAD /tmp/cc5ZlMTp.o
LOAD /tmp/ccl4MfeM.o
LOAD /tmp/ccovhg88.o
LOAD /tmp/cc4rlssw.o
LOAD /tmp/ccC8e1PT.o
START GROUP
LOAD /home/alpagut/gcc-arm-none-eabi-8-2019-q3-update/bin/../lib/gcc/arm-none-eabi/8.3.1/thumb/v7-m/nofp/libgcc.a
LOAD /home/alpagut/gcc-arm-none-eabi-8-2019-q3-update/bin/../lib/gcc/arm-none-eabi/8.3.1/../../../../arm-none-eabi/lib/thumb/v7-m/nofp/libg_nano.a
LOAD /home/alpagut/gcc-arm-none-eabi-8-2019-q3-update/bin/../lib/gcc/arm-none-eabi/8.3.1/../../../../arm-none-eabi/lib/thumb/v7-m/nofp/libc_nano.a
END GROUP
START GROUP
LOAD /home/alpagut/gcc-arm-none-eabi-8-2019-q3-update/bin/../lib/gcc/arm-none-eabi/8.3.1/thumb/v7-m/nofp/libgcc.a
LOAD /home/alpagut/gcc-arm-none-eabi-8-2019-q3-update/bin/../lib/gcc/arm-none-eabi/8.3.1/../../../../arm-none-eabi/lib/thumb/v7-m/nofp/libc_nano.a
LOAD /home/alpagut/gcc-arm-none-eabi-8-2019-q3-update/bin/../lib/gcc/arm-none-eabi/8.3.1/../../../../arm-none-eabi/lib/thumb/v7-m/nofp/librdimon_nano.a
END GROUP
START GROUP
LOAD /home/alpagut/gcc-arm-none-eabi-8-2019-q3-update/bin/../lib/gcc/arm-none-eabi/8.3.1/thumb/v7-m/nofp/libgcc.a
LOAD /home/alpagut/gcc-arm-none-eabi-8-2019-q3-update/bin/../lib/gcc/arm-none-eabi/8.3.1/../../../../arm-none-eabi/lib/thumb/v7-m/nofp/libc_nano.a
LOAD /home/alpagut/gcc-arm-none-eabi-8-2019-q3-update/bin/../lib/gcc/arm-none-eabi/8.3.1/../../../../arm-none-eabi/lib/thumb/v7-m/nofp/librdimon_nano.a
END GROUP
LOAD /home/alpagut/gcc-arm-none-eabi-8-2019-q3-update/bin/../lib/gcc/arm-none-eabi/8.3.1/thumb/v7-m/nofp/crtend.o
LOAD /home/alpagut/gcc-arm-none-eabi-8-2019-q3-update/bin/../lib/gcc/arm-none-eabi/8.3.1/thumb/v7-m/nofp/crtn.o
                0x0000000020005000                _estack = 0x20005000
                0x0000000000000000                _Min_Heap_Size = 0x0
                0x0000000000000100                _Min_Stack_Size = 0x100

.isr_vector     0x0000000008000000      0x10c
                0x0000000008000000                . = ALIGN (0x4)
 *(.isr_vector)
 .isr_vector    0x0000000008000000      0x10c /tmp/ccC8e1PT.o
                0x0000000008000000                g_pfnVectors
                0x000000000800010c                . = ALIGN (0x4)

.eh_frame       0x000000000800010c        0x0
 .eh_frame      0x000000000800010c        0x0 /home/alpagut/gcc-arm-none-eabi-8-2019-q3-update/bin/../lib/gcc/arm-none-eabi/8.3.1/thumb/v7-m/nofp/crtbegin.o

.text           0x0000000008000110     0x3e7c
                0x0000000008000110                . = ALIGN (0x4)
 *(.text)
 .text          0x0000000008000110       0x40 /home/alpagut/gcc-arm-none-eabi-8-2019-q3-update/bin/../lib/gcc/arm-none-eabi/8.3.1/thumb/v7-m/nofp/crtbegin.o
 .text          0x0000000008000150      0x2fc /tmp/ccNepAPN.o
                0x0000000008000150                adc_init
                0x00000000080001d8                tim_init
                0x0000000008000228                getADC
                0x00000000080002a0                TIM4_IRQHandler
 .text          0x000000000800044c      0x15c /tmp/ccPE2RiI.o
                0x000000000800044c                SystemInit
                0x0000000008000550                SystemCoreClockUpdate
 .text          0x00000000080005a8      0x38c /tmp/ccIFe8DE.o
                0x00000000080005a8                ADC_DeInit
                0x0000000008000614                ADC_Init
                0x000000000800065c                ADC_StructInit
                0x000000000800066c                ADC_Cmd
                0x0000000008000680                ADC_DMACmd
                0x0000000008000694                ADC_ITConfig
                0x00000000080006a8                ADC_ResetCalibration
                0x00000000080006b4                ADC_GetResetCalibrationStatus
                0x00000000080006bc                ADC_StartCalibration
                0x00000000080006c8                ADC_GetCalibrationStatus
                0x00000000080006d0                ADC_SoftwareStartConvCmd
                0x00000000080006e4                ADC_GetSoftwareStartConvStatus
                0x00000000080006ec                ADC_DiscModeChannelCountConfig
                0x00000000080006fc                ADC_DiscModeCmd
                0x0000000008000710                ADC_RegularChannelConfig
                0x0000000008000798                ADC_ExternalTrigConvCmd
                0x00000000080007ac                ADC_GetConversionValue
                0x00000000080007b4                ADC_GetDualModeConversionValue
                0x00000000080007c0                ADC_AutoInjectedConvCmd
                0x00000000080007d4                ADC_InjectedDiscModeCmd
                0x00000000080007e8                ADC_ExternalTrigInjectedConvConfig
                0x00000000080007f4                ADC_ExternalTrigInjectedConvCmd
                0x0000000008000808                ADC_SoftwareStartInjectedConvCmd
                0x000000000800081c                ADC_GetSoftwareStartInjectedConvCmdStatus
                0x0000000008000824                ADC_InjectedChannelConfig
                0x000000000800087c                ADC_InjectedSequencerLengthConfig
                0x000000000800088c                ADC_SetInjectedOffset
                0x00000000080008a4                ADC_GetInjectedConversionValue
                0x00000000080008c0                ADC_AnalogWatchdogCmd
                0x00000000080008d0                ADC_AnalogWatchdogThresholdsConfig
                0x00000000080008d8                ADC_AnalogWatchdogSingleChannelConfig
                0x00000000080008e4                ADC_TempSensorVrefintCmd
                0x0000000008000900                ADC_GetFlagStatus
                0x000000000800090c                ADC_ClearFlag
                0x0000000008000914                ADC_GetITStatus
                0x000000000800092c                ADC_ClearITPendingBit
 .text          0x0000000008000934      0x2dc /tmp/ccAUQKA7.o
                0x0000000008000934                GPIO_DeInit
                0x0000000008000a10                GPIO_AFIODeInit
                0x0000000008000a28                GPIO_Init
                0x0000000008000ae0                GPIO_StructInit
                0x0000000008000af0                GPIO_ReadInputDataBit
                0x0000000008000afc                GPIO_ReadInputData
                0x0000000008000b04                GPIO_ReadOutputDataBit
                0x0000000008000b10                GPIO_ReadOutputData
                0x0000000008000b18                GPIO_SetBits
                0x0000000008000b1c                GPIO_ResetBits
                0x0000000008000b20                GPIO_WriteBit
                0x0000000008000b2c                GPIO_Write
                0x0000000008000b30                GPIO_PinLockConfig
                0x0000000008000b40                GPIO_EventOutputConfig
                0x0000000008000b5c                GPIO_EventOutputCmd
                0x0000000008000b68                GPIO_PinRemapConfig
                0x0000000008000bd4                GPIO_EXTILineConfig
                0x0000000008000c04                GPIO_ETH_MediaInterfaceConfig
 .text          0x0000000008000c10      0x3a4 /tmp/ccgG4V1g.o
                0x0000000008000c10                I2C_DeInit
                0x0000000008000c4c                I2C_Init
                0x0000000008000d1c                I2C_StructInit
                0x0000000008000d3c                I2C_Cmd
                0x0000000008000d54                I2C_DMACmd
                0x0000000008000d6c                I2C_DMALastTransferCmd
                0x0000000008000d84                I2C_GenerateSTART
                0x0000000008000d9c                I2C_GenerateSTOP
                0x0000000008000db4                I2C_AcknowledgeConfig
                0x0000000008000dcc                I2C_OwnAddress2Config
                0x0000000008000de0                I2C_DualAddressCmd
                0x0000000008000df8                I2C_GeneralCallCmd
                0x0000000008000e10                I2C_ITConfig
                0x0000000008000e24                I2C_SendData
                0x0000000008000e28                I2C_ReceiveData
                0x0000000008000e30                I2C_Send7bitAddress
                0x0000000008000e48                I2C_ReadRegister
                0x0000000008000e60                I2C_SoftwareResetCmd
                0x0000000008000e74                I2C_NACKPositionConfig
                0x0000000008000e8c                I2C_SMBusAlertConfig
                0x0000000008000ea4                I2C_TransmitPEC
                0x0000000008000ebc                I2C_PECPositionConfig
                0x0000000008000ec0                I2C_CalculatePEC
                0x0000000008000ed8                I2C_GetPEC
                0x0000000008000ee0                I2C_ARPCmd
                0x0000000008000ef8                I2C_StretchClockCmd
                0x0000000008000f10                I2C_FastModeDutyCycleConfig
                0x0000000008000f28                I2C_CheckEvent
                0x0000000008000f40                I2C_GetLastEvent
                0x0000000008000f50                I2C_GetFlagStatus
                0x0000000008000f88                I2C_ClearFlag
                0x0000000008000f90                I2C_GetITStatus
                0x0000000008000fac                I2C_ClearITPendingBit
 .text          0x0000000008000fb4      0x35c /tmp/ccVUKr2M.o
                0x0000000008000fb4                RCC_DeInit
                0x0000000008000ff4                RCC_HSEConfig
                0x000000000800102c                RCC_WaitForHSEStartUp
                0x0000000008001060                RCC_AdjustHSICalibrationValue
                0x0000000008001074                RCC_HSICmd
                0x0000000008001080                RCC_PLLConfig
                0x0000000008001094                RCC_PLLCmd
                0x00000000080010a0                RCC_SYSCLKConfig
                0x00000000080010b4                RCC_GetSYSCLKSource
                0x00000000080010c4                RCC_HCLKConfig
                0x00000000080010d8                RCC_PCLK1Config
                0x00000000080010ec                RCC_PCLK2Config
                0x0000000008001100                RCC_ITConfig
                0x0000000008001118                RCC_USBCLKConfig
                0x0000000008001124                RCC_ADCCLKConfig
                0x0000000008001138                RCC_LSEConfig
                0x0000000008001158                RCC_LSICmd
                0x0000000008001164                RCC_RTCCLKConfig
                0x0000000008001174                RCC_RTCCLKCmd
                0x0000000008001180                RCC_GetClocksFreq
                0x0000000008001210                RCC_AHBPeriphClockCmd
                0x0000000008001228                RCC_APB2PeriphClockCmd
                0x0000000008001240                RCC_APB1PeriphClockCmd
                0x0000000008001258                RCC_APB2PeriphResetCmd
                0x0000000008001270                RCC_APB1PeriphResetCmd
                0x0000000008001288                RCC_BackupResetCmd
                0x0000000008001294                RCC_ClockSecuritySystemCmd
                0x00000000080012a0                RCC_MCOConfig
                0x00000000080012ac                RCC_GetFlagStatus
                0x00000000080012e0                RCC_ClearFlag
                0x00000000080012f0                RCC_GetITStatus
                0x0000000008001304                RCC_ClearITPendingBit
 .text          0x0000000008001310      0xdb4 /tmp/ccuct6mK.o
                0x000000000800140c                TIM_DeInit
                0x0000000008001640                TIM_TimeBaseInit
                0x00000000080016ec                TIM_OC1Init
                0x0000000008001774                TIM_OC2Init
                0x00000000080017f8                TIM_OC3Init
                0x000000000800187c                TIM_OC4Init
                0x00000000080018e8                TIM_ICInit
                0x0000000008001a4c                TIM_PWMIConfig
                0x0000000008001ae8                TIM_BDTRConfig
                0x0000000008001b0c                TIM_TimeBaseStructInit
                0x0000000008001b20                TIM_OCStructInit
                0x0000000008001b34                TIM_ICStructInit
                0x0000000008001b44                TIM_BDTRStructInit
                0x0000000008001b58                TIM_Cmd
                0x0000000008001b70                TIM_CtrlPWMOutputs
                0x0000000008001b8c                TIM_ITConfig
                0x0000000008001ba0                TIM_GenerateEvent
                0x0000000008001ba4                TIM_DMAConfig
                0x0000000008001bac                TIM_DMACmd
                0x0000000008001bb0                TIM_InternalClockConfig
                0x0000000008001bc0                TIM_ITRxExternalClockConfig
                0x0000000008001bd8                TIM_TIxExternalClockConfig
                0x0000000008001c0c                TIM_ETRClockMode1Config
                0x0000000008001c34                TIM_ETRClockMode2Config
                0x0000000008001c54                TIM_ETRConfig
                0x0000000008001c6c                TIM_PrescalerConfig
                0x0000000008001c74                TIM_CounterModeConfig
                0x0000000008001c84                TIM_SelectInputTrigger
                0x0000000008001c94                TIM_EncoderInterfaceConfig
                0x0000000008001cd0                TIM_ForcedOC1Config
                0x0000000008001ce0                TIM_ForcedOC2Config
                0x0000000008001cf4                TIM_ForcedOC3Config
                0x0000000008001d04                TIM_ForcedOC4Config
                0x0000000008001d18                TIM_ARRPreloadConfig
                0x0000000008001d30                TIM_SelectCOM
                0x0000000008001d48                TIM_SelectCCDMA
                0x0000000008001d60                TIM_CCPreloadControl
                0x0000000008001d78                TIM_OC1PreloadConfig
                0x0000000008001d88                TIM_OC2PreloadConfig
                0x0000000008001d9c                TIM_OC3PreloadConfig
                0x0000000008001dac                TIM_OC4PreloadConfig
                0x0000000008001dc0                TIM_OC1FastConfig
                0x0000000008001dd0                TIM_OC2FastConfig
                0x0000000008001de4                TIM_OC3FastConfig
                0x0000000008001df4                TIM_OC4FastConfig
                0x0000000008001e08                TIM_ClearOC1Ref
                0x0000000008001e18                TIM_ClearOC2Ref
                0x0000000008001e28                TIM_ClearOC3Ref
                0x0000000008001e38                TIM_ClearOC4Ref
                0x0000000008001e48                TIM_OC1PolarityConfig
                0x0000000008001e58                TIM_OC1NPolarityConfig
                0x0000000008001e68                TIM_OC2PolarityConfig
                0x0000000008001e7c                TIM_OC2NPolarityConfig
                0x0000000008001e90                TIM_OC3PolarityConfig
                0x0000000008001ea4                TIM_OC3NPolarityConfig
                0x0000000008001eb8                TIM_OC4PolarityConfig
                0x0000000008001ecc                TIM_CCxCmd
                0x0000000008001eec                TIM_CCxNCmd
                0x0000000008001f0c                TIM_SelectOCxM
                0x0000000008001f54                TIM_UpdateDisableConfig
                0x0000000008001f6c                TIM_UpdateRequestConfig
                0x0000000008001f84                TIM_SelectHallSensor
                0x0000000008001f9c                TIM_SelectOnePulseMode
                0x0000000008001fb0                TIM_SelectOutputTrigger
                0x0000000008001fc4                TIM_SelectSlaveMode
                0x0000000008001fd8                TIM_SelectMasterSlaveMode
                0x0000000008001fec                TIM_SetCounter
                0x0000000008001ff0                TIM_SetAutoreload
                0x0000000008001ff4                TIM_SetCompare1
                0x0000000008001ff8                TIM_SetCompare2
                0x0000000008001ffc                TIM_SetCompare3
                0x0000000008002000                TIM_SetCompare4
                0x0000000008002008                TIM_SetIC1Prescaler
                0x000000000800201c                TIM_SetIC2Prescaler
                0x0000000008002034                TIM_SetIC3Prescaler
                0x0000000008002048                TIM_SetIC4Prescaler
                0x0000000008002060                TIM_SetClockDivision
                0x0000000008002074                TIM_GetCapture1
                0x0000000008002078                TIM_GetCapture2
                0x000000000800207c                TIM_GetCapture3
                0x0000000008002080                TIM_GetCapture4
                0x0000000008002088                TIM_GetCounter
                0x000000000800208c                TIM_GetPrescaler
                0x0000000008002090                TIM_GetFlagStatus
                0x000000000800209c                TIM_ClearFlag
                0x00000000080020a4                TIM_GetITStatus
                0x00000000080020bc                TIM_ClearITPendingBit
 .text          0x00000000080020c4      0x3b8 /tmp/ccKHus53.o
                0x00000000080020c4                USART_DeInit
                0x0000000008002174                USART_Init
                0x0000000008002228                USART_StructInit
                0x000000000800223c                USART_ClockInit
                0x000000000800225c                USART_ClockStructInit
                0x0000000008002268                USART_Cmd
                0x0000000008002280                USART_ITConfig
                0x00000000080022b8                USART_DMACmd
                0x00000000080022cc                USART_SetAddress
                0x00000000080022e0                USART_WakeUpConfig
                0x00000000080022f4                USART_ReceiverWakeUpCmd
                0x000000000800230c                USART_LINBreakDetectLengthConfig
                0x0000000008002320                USART_LINCmd
                0x0000000008002338                USART_SendData
                0x0000000008002340                USART_ReceiveData
                0x0000000008002348                USART_SendBreak
                0x0000000008002354                USART_SetGuardTime
                0x0000000008002364                USART_SetPrescaler
                0x0000000008002374                USART_SmartCardCmd
                0x000000000800238c                USART_SmartCardNACKCmd
                0x00000000080023a4                USART_HalfDuplexCmd
                0x00000000080023bc                USART_OverSampling8Cmd
                0x00000000080023d0                USART_OneBitMethodCmd
                0x00000000080023e8                USART_IrDAConfig
                0x00000000080023fc                USART_IrDACmd
                0x0000000008002414                USART_GetFlagStatus
                0x0000000008002420                USART_ClearFlag
                0x0000000008002428                USART_GetITStatus
                0x000000000800246c                USART_ClearITPendingBit
 .text          0x000000000800247c       0xb0 /tmp/ccLJd2II.o
                0x000000000800247c                NVIC_PriorityGroupConfig
                0x0000000008002490                NVIC_Init
                0x00000000080024e8                NVIC_SetVectorTable
                0x00000000080024fc                NVIC_SystemLPConfig
                0x0000000008002514                SysTick_CLKSourceConfig
 .text          0x000000000800252c      0x29c /tmp/ccSdF643.o
                0x000000000800252c                I2C1_init
                0x00000000080025a0                I2C_SendByteByADDR
                0x0000000008002614                sendhalfbyte
                0x000000000800265c                sendbyte
                0x0000000008002698                sendcharlcd
                0x00000000080026a0                setpos
                0x00000000080026e4                lcd_init
                0x0000000008002770                clearlcd
                0x0000000008002788                str_lcd
                0x00000000080027a0                createChar
 .text          0x00000000080027c8       0x80 /tmp/cc5ZlMTp.o
                0x00000000080027c8                _delay_ms
                0x00000000080027fc                _delay_us
                0x0000000008002830                get_cpuFreq
 .text          0x0000000008002848       0xb0 /tmp/ccl4MfeM.o
                0x0000000008002848                put32b
                0x00000000080028b0                make32b
                0x00000000080028cc                buzzerInit
 .text          0x00000000080028f8      0x19c /tmp/ccovhg88.o
                0x0000000008002918                USART_init
                0x00000000080029a8                USART1_IRQHandler
                0x0000000008002a34                packetHandler
                0x0000000008002a44                processPacket
                0x0000000008002a6c                USART_SendString
 .text          0x0000000008002a94       0x38 /tmp/cc4rlssw.o
                0x0000000008002a94                _sbrk
                0x0000000008002ab0                link
                0x0000000008002ab8                _fstat
                0x0000000008002ac4                _read
                0x0000000008002ac8                _write
 .text          0x0000000008002acc      0x378 /home/alpagut/gcc-arm-none-eabi-8-2019-q3-update/bin/../lib/gcc/arm-none-eabi/8.3.1/thumb/v7-m/nofp/libgcc.a(_arm_addsubdf3.o)
                0x0000000008002acc                __aeabi_drsub
                0x0000000008002ad4                __aeabi_dsub
                0x0000000008002ad4                __subdf3
                0x0000000008002ad8                __adddf3
                0x0000000008002ad8                __aeabi_dadd
                0x0000000008002d50                __aeabi_ui2d
                0x0000000008002d50                __floatunsidf
                0x0000000008002d70                __floatsidf
                0x0000000008002d70                __aeabi_i2d
                0x0000000008002d94                __extendsfdf2
                0x0000000008002d94                __aeabi_f2d
                0x0000000008002dd8                __aeabi_ul2d
                0x0000000008002dd8                __floatundidf
                0x0000000008002de8                __floatdidf
                0x0000000008002de8                __aeabi_l2d
 .text          0x0000000008002e44      0x424 /home/alpagut/gcc-arm-none-eabi-8-2019-q3-update/bin/../lib/gcc/arm-none-eabi/8.3.1/thumb/v7-m/nofp/libgcc.a(_arm_muldivdf3.o)
                0x0000000008002e44                __aeabi_dmul
                0x0000000008002e44                __muldf3
                0x0000000008003098                __aeabi_ddiv
                0x0000000008003098                __divdf3
 .text          0x0000000008003268      0x110 /home/alpagut/gcc-arm-none-eabi-8-2019-q3-update/bin/../lib/gcc/arm-none-eabi/8.3.1/thumb/v7-m/nofp/libgcc.a(_arm_cmpdf2.o)
                0x0000000008003268                __gtdf2
                0x0000000008003268                __gedf2
                0x0000000008003270                __ltdf2
                0x0000000008003270                __ledf2
                0x0000000008003278                __cmpdf2
                0x0000000008003278                __eqdf2
                0x0000000008003278                __nedf2
                0x00000000080032f4                __aeabi_cdrcmple
                0x0000000008003304                __aeabi_cdcmple
                0x0000000008003304                __aeabi_cdcmpeq
                0x0000000008003314                __aeabi_dcmpeq
                0x0000000008003328                __aeabi_dcmplt
                0x000000000800333c                __aeabi_dcmple
                0x0000000008003350                __aeabi_dcmpge
                0x0000000008003364                __aeabi_dcmpgt
 .text          0x0000000008003378       0x50 /home/alpagut/gcc-arm-none-eabi-8-2019-q3-update/bin/../lib/gcc/arm-none-eabi/8.3.1/thumb/v7-m/nofp/libgcc.a(_arm_fixdfsi.o)
                0x0000000008003378                __fixdfsi
                0x0000000008003378                __aeabi_d2iz
 .text          0x00000000080033c8       0x40 /home/alpagut/gcc-arm-none-eabi-8-2019-q3-update/bin/../lib/gcc/arm-none-eabi/8.3.1/thumb/v7-m/nofp/libgcc.a(_arm_fixunsdfsi.o)
                0x00000000080033c8                __fixunsdfsi
                0x00000000080033c8                __aeabi_d2uiz
 *(.text*)
 .text.__libc_init_array
                0x0000000008003408       0x48 /home/alpagut/gcc-arm-none-eabi-8-2019-q3-update/bin/../lib/gcc/arm-none-eabi/8.3.1/../../../../arm-none-eabi/lib/thumb/v7-m/nofp/libc_nano.a(lib_a-init.o)
                0x0000000008003408                __libc_init_array
 .text.startup  0x0000000008003450      0x1d4 /tmp/ccNepAPN.o
                0x0000000008003450                main
 .text.Reset_Handler
                0x0000000008003624       0x48 /tmp/ccC8e1PT.o
                0x0000000008003624                Reset_Handler
 .text.Default_Handler
                0x000000000800366c        0x2 /tmp/ccC8e1PT.o
                0x000000000800366c                EXTI2_IRQHandler
                0x000000000800366c                DebugMon_Handler
                0x000000000800366c                TIM1_CC_IRQHandler
                0x000000000800366c                HardFault_Handler
                0x000000000800366c                SysTick_Handler
                0x000000000800366c                PVD_IRQHandler
                0x000000000800366c                PendSV_Handler
                0x000000000800366c                NMI_Handler
                0x000000000800366c                EXTI3_IRQHandler
                0x000000000800366c                EXTI0_IRQHandler
                0x000000000800366c                I2C2_EV_IRQHandler
                0x000000000800366c                UsageFault_Handler
                0x000000000800366c                ADC1_2_IRQHandler
                0x000000000800366c                SPI1_IRQHandler
                0x000000000800366c                TAMPER_IRQHandler
                0x000000000800366c                DMA1_Channel4_IRQHandler
                0x000000000800366c                USART3_IRQHandler
                0x000000000800366c                RTC_IRQHandler
                0x000000000800366c                DMA1_Channel7_IRQHandler
                0x000000000800366c                CAN1_RX1_IRQHandler
                0x000000000800366c                I2C1_EV_IRQHandler
                0x000000000800366c                DMA1_Channel6_IRQHandler
                0x000000000800366c                TIM3_IRQHandler
                0x000000000800366c                RCC_IRQHandler
                0x000000000800366c                TIM1_TRG_COM_IRQHandler
                0x000000000800366c                DMA1_Channel1_IRQHandler
                0x000000000800366c                Default_Handler
                0x000000000800366c                EXTI15_10_IRQHandler
                0x000000000800366c                EXTI9_5_IRQHandler
                0x000000000800366c                SPI2_IRQHandler
                0x000000000800366c                MemManage_Handler
                0x000000000800366c                SVC_Handler
                0x000000000800366c                DMA1_Channel5_IRQHandler
                0x000000000800366c                EXTI4_IRQHandler
                0x000000000800366c                USB_LP_CAN1_RX0_IRQHandler
                0x000000000800366c                USB_HP_CAN1_TX_IRQHandler
                0x000000000800366c                DMA1_Channel3_IRQHandler
                0x000000000800366c                TIM1_UP_IRQHandler
                0x000000000800366c                WWDG_IRQHandler
                0x000000000800366c                TIM2_IRQHandler
                0x000000000800366c                TIM1_BRK_IRQHandler
                0x000000000800366c                EXTI1_IRQHandler
                0x000000000800366c                RTCAlarm_IRQHandler
                0x000000000800366c                USART2_IRQHandler
                0x000000000800366c                I2C2_ER_IRQHandler
                0x000000000800366c                DMA1_Channel2_IRQHandler
                0x000000000800366c                CAN1_SCE_IRQHandler
                0x000000000800366c                FLASH_IRQHandler
                0x000000000800366c                BusFault_Handler
                0x000000000800366c                I2C1_ER_IRQHandler
                0x000000000800366c                USBWakeUp_IRQHandler
 *fill*         0x000000000800366e        0x2 
 .text.sprintf  0x0000000008003670       0x40 /home/alpagut/gcc-arm-none-eabi-8-2019-q3-update/bin/../lib/gcc/arm-none-eabi/8.3.1/../../../../arm-none-eabi/lib/thumb/v7-m/nofp/libg_nano.a(lib_a-sprintf.o)
                0x0000000008003670                sprintf
                0x0000000008003670                siprintf
 .text.__ssputs_r
                0x00000000080036b0       0xb6 /home/alpagut/gcc-arm-none-eabi-8-2019-q3-update/bin/../lib/gcc/arm-none-eabi/8.3.1/../../../../arm-none-eabi/lib/thumb/v7-m/nofp/libg_nano.a(lib_a-nano-svfprintf.o)
                0x00000000080036b0                __ssputs_r
 *fill*         0x0000000008003766        0x2 
 .text._svfprintf_r
                0x0000000008003768      0x1f0 /home/alpagut/gcc-arm-none-eabi-8-2019-q3-update/bin/../lib/gcc/arm-none-eabi/8.3.1/../../../../arm-none-eabi/lib/thumb/v7-m/nofp/libg_nano.a(lib_a-nano-svfprintf.o)
                0x0000000008003768                _svfprintf_r
                0x0000000008003768                _svfiprintf_r
 .text._printf_common
                0x0000000008003958       0xec /home/alpagut/gcc-arm-none-eabi-8-2019-q3-update/bin/../lib/gcc/arm-none-eabi/8.3.1/../../../../arm-none-eabi/lib/thumb/v7-m/nofp/libg_nano.a(lib_a-nano-vfprintf_i.o)
                0x0000000008003958                _printf_common
 .text._printf_i
                0x0000000008003a44      0x22c /home/alpagut/gcc-arm-none-eabi-8-2019-q3-update/bin/../lib/gcc/arm-none-eabi/8.3.1/../../../../arm-none-eabi/lib/thumb/v7-m/nofp/libg_nano.a(lib_a-nano-vfprintf_i.o)
                0x0000000008003a44                _printf_i
 .text.memchr   0x0000000008003c70       0x1c /home/alpagut/gcc-arm-none-eabi-8-2019-q3-update/bin/../lib/gcc/arm-none-eabi/8.3.1/../../../../arm-none-eabi/lib/thumb/v7-m/nofp/libg_nano.a(lib_a-memchr-stub.o)
                0x0000000008003c70                memchr
 .text.memcpy   0x0000000008003c8c       0x1c /home/alpagut/gcc-arm-none-eabi-8-2019-q3-update/bin/../lib/gcc/arm-none-eabi/8.3.1/../../../../arm-none-eabi/lib/thumb/v7-m/nofp/libg_nano.a(lib_a-memcpy-stub.o)
                0x0000000008003c8c                memcpy
 .text.memmove  0x0000000008003ca8       0x34 /home/alpagut/gcc-arm-none-eabi-8-2019-q3-update/bin/../lib/gcc/arm-none-eabi/8.3.1/../../../../arm-none-eabi/lib/thumb/v7-m/nofp/libg_nano.a(lib_a-memmove.o)
                0x0000000008003ca8                memmove
 .text._free_r  0x0000000008003cdc       0x98 /home/alpagut/gcc-arm-none-eabi-8-2019-q3-update/bin/../lib/gcc/arm-none-eabi/8.3.1/../../../../arm-none-eabi/lib/thumb/v7-m/nofp/libg_nano.a(lib_a-nano-freer.o)
                0x0000000008003cdc                _free_r
 .text._malloc_r
                0x0000000008003d74       0xb4 /home/alpagut/gcc-arm-none-eabi-8-2019-q3-update/bin/../lib/gcc/arm-none-eabi/8.3.1/../../../../arm-none-eabi/lib/thumb/v7-m/nofp/libg_nano.a(lib_a-nano-mallocr.o)
                0x0000000008003d74                _malloc_r
 .text._realloc_r
                0x0000000008003e28       0x4c /home/alpagut/gcc-arm-none-eabi-8-2019-q3-update/bin/../lib/gcc/arm-none-eabi/8.3.1/../../../../arm-none-eabi/lib/thumb/v7-m/nofp/libg_nano.a(lib_a-nano-reallocr.o)
                0x0000000008003e28                _realloc_r
 .text._sbrk_r  0x0000000008003e74       0x20 /home/alpagut/gcc-arm-none-eabi-8-2019-q3-update/bin/../lib/gcc/arm-none-eabi/8.3.1/../../../../arm-none-eabi/lib/thumb/v7-m/nofp/libg_nano.a(lib_a-sbrkr.o)
                0x0000000008003e74                _sbrk_r
 .text.__malloc_lock
                0x0000000008003e94        0xc /home/alpagut/gcc-arm-none-eabi-8-2019-q3-update/bin/../lib/gcc/arm-none-eabi/8.3.1/../../../../arm-none-eabi/lib/thumb/v7-m/nofp/libg_nano.a(lib_a-mlock.o)
                0x0000000008003e94                __malloc_lock
 .text.__malloc_unlock
                0x0000000008003ea0        0xc /home/alpagut/gcc-arm-none-eabi-8-2019-q3-update/bin/../lib/gcc/arm-none-eabi/8.3.1/../../../../arm-none-eabi/lib/thumb/v7-m/nofp/libg_nano.a(lib_a-mlock.o)
                0x0000000008003ea0                __malloc_unlock
 .text._malloc_usable_size_r
                0x0000000008003eac       0x10 /home/alpagut/gcc-arm-none-eabi-8-2019-q3-update/bin/../lib/gcc/arm-none-eabi/8.3.1/../../../../arm-none-eabi/lib/thumb/v7-m/nofp/libg_nano.a(lib_a-nano-msizer.o)
                0x0000000008003eac                _malloc_usable_size_r
 .text.__retarget_lock_acquire_recursive
                0x0000000008003ebc        0x2 /home/alpagut/gcc-arm-none-eabi-8-2019-q3-update/bin/../lib/gcc/arm-none-eabi/8.3.1/../../../../arm-none-eabi/lib/thumb/v7-m/nofp/libg_nano.a(lib_a-lock.o)
                0x0000000008003ebc                __retarget_lock_acquire_recursive
 .text.__retarget_lock_release_recursive
                0x0000000008003ebe        0x2 /home/alpagut/gcc-arm-none-eabi-8-2019-q3-update/bin/../lib/gcc/arm-none-eabi/8.3.1/../../../../arm-none-eabi/lib/thumb/v7-m/nofp/libg_nano.a(lib_a-lock.o)
                0x0000000008003ebe                __retarget_lock_release_recursive
 *(.rodata)
 *(.rodata*)
 .rodata.str1.4
                0x0000000008003ec0       0x20 /tmp/ccNepAPN.o
 .rodata._svfprintf_r.str1.1
                0x0000000008003ee0       0x11 /home/alpagut/gcc-arm-none-eabi-8-2019-q3-update/bin/../lib/gcc/arm-none-eabi/8.3.1/../../../../arm-none-eabi/lib/thumb/v7-m/nofp/libg_nano.a(lib_a-nano-svfprintf.o)
 .rodata._printf_i.str1.1
                0x0000000008003ef1       0x22 /home/alpagut/gcc-arm-none-eabi-8-2019-q3-update/bin/../lib/gcc/arm-none-eabi/8.3.1/../../../../arm-none-eabi/lib/thumb/v7-m/nofp/libg_nano.a(lib_a-nano-vfprintf_i.o)
 *fill*         0x0000000008003f13        0x1 
 .rodata.__sf_fake_stderr
                0x0000000008003f14       0x20 /home/alpagut/gcc-arm-none-eabi-8-2019-q3-update/bin/../lib/gcc/arm-none-eabi/8.3.1/../../../../arm-none-eabi/lib/thumb/v7-m/nofp/libc_nano.a(lib_a-findfp.o)
                0x0000000008003f14                __sf_fake_stderr
 .rodata.__sf_fake_stdin
                0x0000000008003f34       0x20 /home/alpagut/gcc-arm-none-eabi-8-2019-q3-update/bin/../lib/gcc/arm-none-eabi/8.3.1/../../../../arm-none-eabi/lib/thumb/v7-m/nofp/libc_nano.a(lib_a-findfp.o)
                0x0000000008003f34                __sf_fake_stdin
 .rodata.__sf_fake_stdout
                0x0000000008003f54       0x20 /home/alpagut/gcc-arm-none-eabi-8-2019-q3-update/bin/../lib/gcc/arm-none-eabi/8.3.1/../../../../arm-none-eabi/lib/thumb/v7-m/nofp/libc_nano.a(lib_a-findfp.o)
                0x0000000008003f54                __sf_fake_stdout
 *(.glue_7)
 .glue_7        0x0000000008003f74        0x0 linker stubs
 *(.glue_7t)
 .glue_7t       0x0000000008003f74        0x0 linker stubs
 *(.init)
 .init          0x0000000008003f74        0x4 /home/alpagut/gcc-arm-none-eabi-8-2019-q3-update/bin/../lib/gcc/arm-none-eabi/8.3.1/thumb/v7-m/nofp/crti.o
                0x0000000008003f74                _init
 .init          0x0000000008003f78        0x8 /home/alpagut/gcc-arm-none-eabi-8-2019-q3-update/bin/../lib/gcc/arm-none-eabi/8.3.1/thumb/v7-m/nofp/crtn.o
 *(.fini)
 .fini          0x0000000008003f80        0x4 /home/alpagut/gcc-arm-none-eabi-8-2019-q3-update/bin/../lib/gcc/arm-none-eabi/8.3.1/thumb/v7-m/nofp/crti.o
                0x0000000008003f80                _fini
 .fini          0x0000000008003f84        0x8 /home/alpagut/gcc-arm-none-eabi-8-2019-q3-update/bin/../lib/gcc/arm-none-eabi/8.3.1/thumb/v7-m/nofp/crtn.o
                0x0000000008003f8c                . = ALIGN (0x4)
                0x0000000008003f8c                _etext = .

.vfp11_veneer   0x0000000008003f8c        0x0
 .vfp11_veneer  0x0000000008003f8c        0x0 linker stubs

.v4_bx          0x0000000008003f8c        0x0
 .v4_bx         0x0000000008003f8c        0x0 linker stubs

.iplt           0x0000000008003f8c        0x0
 .iplt          0x0000000008003f8c        0x0 /home/alpagut/gcc-arm-none-eabi-8-2019-q3-update/bin/../lib/gcc/arm-none-eabi/8.3.1/thumb/v7-m/nofp/crtbegin.o

.rel.dyn        0x0000000008003f8c        0x0
 .rel.iplt      0x0000000008003f8c        0x0 /home/alpagut/gcc-arm-none-eabi-8-2019-q3-update/bin/../lib/gcc/arm-none-eabi/8.3.1/thumb/v7-m/nofp/crtbegin.o

.ARM.extab
 *(.ARM.extab* .gnu.linkonce.armextab.*)

.ARM            0x0000000008003f8c        0x0
                0x0000000008003f8c                __exidx_start = .
 *(.ARM.exidx*)
                0x0000000008003f8c                __exidx_end = .

.ARM.attributes
                0x0000000008003f8c       0x29
 *(.ARM.attributes)
 .ARM.attributes
                0x0000000008003f8c       0x1d /home/alpagut/gcc-arm-none-eabi-8-2019-q3-update/bin/../lib/gcc/arm-none-eabi/8.3.1/thumb/v7-m/nofp/crti.o
 .ARM.attributes
                0x0000000008003fa9       0x2d /home/alpagut/gcc-arm-none-eabi-8-2019-q3-update/bin/../lib/gcc/arm-none-eabi/8.3.1/thumb/v7-m/nofp/crtbegin.o
 .ARM.attributes
                0x0000000008003fd6       0x2d /home/alpagut/gcc-arm-none-eabi-8-2019-q3-update/bin/../lib/gcc/arm-none-eabi/8.3.1/../../../../arm-none-eabi/lib/thumb/v7-m/nofp/libc_nano.a(lib_a-impure.o)
 .ARM.attributes
                0x0000000008004003       0x2d /home/alpagut/gcc-arm-none-eabi-8-2019-q3-update/bin/../lib/gcc/arm-none-eabi/8.3.1/../../../../arm-none-eabi/lib/thumb/v7-m/nofp/libc_nano.a(lib_a-init.o)
 .ARM.attributes
                0x0000000008004030       0x2d /tmp/ccNepAPN.o
 .ARM.attributes
                0x000000000800405d       0x2d /tmp/ccPE2RiI.o
 .ARM.attributes
                0x000000000800408a       0x2d /tmp/ccIFe8DE.o
 .ARM.attributes
                0x00000000080040b7       0x2d /tmp/ccAUQKA7.o
 .ARM.attributes
                0x00000000080040e4       0x2d /tmp/ccgG4V1g.o
 .ARM.attributes
                0x0000000008004111       0x2d /tmp/ccVUKr2M.o
 .ARM.attributes
                0x000000000800413e       0x2d /tmp/ccuct6mK.o
 .ARM.attributes
                0x000000000800416b       0x2d /tmp/ccKHus53.o
 .ARM.attributes
                0x0000000008004198       0x2d /tmp/ccLJd2II.o
 .ARM.attributes
                0x00000000080041c5       0x2d /tmp/ccSdF643.o
 .ARM.attributes
                0x00000000080041f2       0x2d /tmp/cc5ZlMTp.o
 .ARM.attributes
                0x000000000800421f       0x2d /tmp/ccl4MfeM.o
 .ARM.attributes
                0x000000000800424c       0x2d /tmp/ccovhg88.o
 .ARM.attributes
                0x0000000008004279       0x2d /tmp/cc4rlssw.o
 .ARM.attributes
                0x00000000080042a6       0x21 /tmp/ccC8e1PT.o
 .ARM.attributes
                0x00000000080042c7       0x1d /home/alpagut/gcc-arm-none-eabi-8-2019-q3-update/bin/../lib/gcc/arm-none-eabi/8.3.1/thumb/v7-m/nofp/libgcc.a(_arm_addsubdf3.o)
 .ARM.attributes
                0x00000000080042e4       0x1d /home/alpagut/gcc-arm-none-eabi-8-2019-q3-update/bin/../lib/gcc/arm-none-eabi/8.3.1/thumb/v7-m/nofp/libgcc.a(_arm_muldivdf3.o)
 .ARM.attributes
                0x0000000008004301       0x1d /home/alpagut/gcc-arm-none-eabi-8-2019-q3-update/bin/../lib/gcc/arm-none-eabi/8.3.1/thumb/v7-m/nofp/libgcc.a(_arm_cmpdf2.o)
 .ARM.attributes
                0x000000000800431e       0x1d /home/alpagut/gcc-arm-none-eabi-8-2019-q3-update/bin/../lib/gcc/arm-none-eabi/8.3.1/thumb/v7-m/nofp/libgcc.a(_arm_fixdfsi.o)
 .ARM.attributes
                0x000000000800433b       0x1d /home/alpagut/gcc-arm-none-eabi-8-2019-q3-update/bin/../lib/gcc/arm-none-eabi/8.3.1/thumb/v7-m/nofp/libgcc.a(_arm_fixunsdfsi.o)
 .ARM.attributes
                0x0000000008004358       0x2d /home/alpagut/gcc-arm-none-eabi-8-2019-q3-update/bin/../lib/gcc/arm-none-eabi/8.3.1/../../../../arm-none-eabi/lib/thumb/v7-m/nofp/libg_nano.a(lib_a-sprintf.o)
 .ARM.attributes
                0x0000000008004385       0x2d /home/alpagut/gcc-arm-none-eabi-8-2019-q3-update/bin/../lib/gcc/arm-none-eabi/8.3.1/../../../../arm-none-eabi/lib/thumb/v7-m/nofp/libg_nano.a(lib_a-nano-svfprintf.o)
 .ARM.attributes
                0x00000000080043b2       0x2d /home/alpagut/gcc-arm-none-eabi-8-2019-q3-update/bin/../lib/gcc/arm-none-eabi/8.3.1/../../../../arm-none-eabi/lib/thumb/v7-m/nofp/libg_nano.a(lib_a-nano-vfprintf_i.o)
 .ARM.attributes
                0x00000000080043df       0x2d /home/alpagut/gcc-arm-none-eabi-8-2019-q3-update/bin/../lib/gcc/arm-none-eabi/8.3.1/../../../../arm-none-eabi/lib/thumb/v7-m/nofp/libg_nano.a(lib_a-memchr-stub.o)
 .ARM.attributes
                0x000000000800440c       0x2d /home/alpagut/gcc-arm-none-eabi-8-2019-q3-update/bin/../lib/gcc/arm-none-eabi/8.3.1/../../../../arm-none-eabi/lib/thumb/v7-m/nofp/libg_nano.a(lib_a-memcpy-stub.o)
 .ARM.attributes
                0x0000000008004439       0x2d /home/alpagut/gcc-arm-none-eabi-8-2019-q3-update/bin/../lib/gcc/arm-none-eabi/8.3.1/../../../../arm-none-eabi/lib/thumb/v7-m/nofp/libg_nano.a(lib_a-memmove.o)
 .ARM.attributes
                0x0000000008004466       0x2d /home/alpagut/gcc-arm-none-eabi-8-2019-q3-update/bin/../lib/gcc/arm-none-eabi/8.3.1/../../../../arm-none-eabi/lib/thumb/v7-m/nofp/libg_nano.a(lib_a-nano-freer.o)
 .ARM.attributes
                0x0000000008004493       0x2d /home/alpagut/gcc-arm-none-eabi-8-2019-q3-update/bin/../lib/gcc/arm-none-eabi/8.3.1/../../../../arm-none-eabi/lib/thumb/v7-m/nofp/libg_nano.a(lib_a-nano-mallocr.o)
 .ARM.attributes
                0x00000000080044c0       0x2d /home/alpagut/gcc-arm-none-eabi-8-2019-q3-update/bin/../lib/gcc/arm-none-eabi/8.3.1/../../../../arm-none-eabi/lib/thumb/v7-m/nofp/libg_nano.a(lib_a-nano-reallocr.o)
 .ARM.attributes
                0x00000000080044ed       0x2d /home/alpagut/gcc-arm-none-eabi-8-2019-q3-update/bin/../lib/gcc/arm-none-eabi/8.3.1/../../../../arm-none-eabi/lib/thumb/v7-m/nofp/libg_nano.a(lib_a-sbrkr.o)
 .ARM.attributes
                0x000000000800451a       0x2d /home/alpagut/gcc-arm-none-eabi-8-2019-q3-update/bin/../lib/gcc/arm-none-eabi/8.3.1/../../../../arm-none-eabi/lib/thumb/v7-m/nofp/libg_nano.a(lib_a-mlock.o)
 .ARM.attributes
                0x0000000008004547       0x2d /home/alpagut/gcc-arm-none-eabi-8-2019-q3-update/bin/../lib/gcc/arm-none-eabi/8.3.1/../../../../arm-none-eabi/lib/thumb/v7-m/nofp/libg_nano.a(lib_a-nano-msizer.o)
 .ARM.attributes
                0x0000000008004574       0x2d /home/alpagut/gcc-arm-none-eabi-8-2019-q3-update/bin/../lib/gcc/arm-none-eabi/8.3.1/../../../../arm-none-eabi/lib/thumb/v7-m/nofp/libg_nano.a(lib_a-reent.o)
 .ARM.attributes
                0x00000000080045a1       0x2d /home/alpagut/gcc-arm-none-eabi-8-2019-q3-update/bin/../lib/gcc/arm-none-eabi/8.3.1/../../../../arm-none-eabi/lib/thumb/v7-m/nofp/libg_nano.a(lib_a-lock.o)
 .ARM.attributes
                0x00000000080045ce       0x2d /home/alpagut/gcc-arm-none-eabi-8-2019-q3-update/bin/../lib/gcc/arm-none-eabi/8.3.1/../../../../arm-none-eabi/lib/thumb/v7-m/nofp/libc_nano.a(lib_a-findfp.o)
 .ARM.attributes
                0x00000000080045fb       0x1d /home/alpagut/gcc-arm-none-eabi-8-2019-q3-update/bin/../lib/gcc/arm-none-eabi/8.3.1/thumb/v7-m/nofp/crtn.o

.preinit_array  0x0000000008003f8c        0x0
                0x0000000008003f8c                PROVIDE (__preinit_array_start = .)
 *(.preinit_array*)
                0x0000000008003f8c                PROVIDE (__preinit_array_end = .)

.init_array     0x0000000008003f8c        0x4
                0x0000000008003f8c                PROVIDE (__init_array_start = .)
 *(SORT_BY_NAME(.init_array.*))
 *(.init_array*)
 .init_array    0x0000000008003f8c        0x4 /home/alpagut/gcc-arm-none-eabi-8-2019-q3-update/bin/../lib/gcc/arm-none-eabi/8.3.1/thumb/v7-m/nofp/crtbegin.o
                0x0000000008003f90                PROVIDE (__init_array_end = .)

.fini_array     0x0000000008003f90        0x4
                [!provide]                        PROVIDE (__fini_array_start = .)
 *(.fini_array*)
 .fini_array    0x0000000008003f90        0x4 /home/alpagut/gcc-arm-none-eabi-8-2019-q3-update/bin/../lib/gcc/arm-none-eabi/8.3.1/thumb/v7-m/nofp/crtbegin.o
 *(SORT_BY_NAME(.fini_array.*))
                [!provide]                        PROVIDE (__fini_array_end = .)
                0x0000000008003f94                _sidata = .

.data           0x0000000020000000       0xc4 load address 0x0000000008003f94
                0x0000000020000000                . = ALIGN (0x4)
                0x0000000020000000                _sdata = .
 *(.data)
 .data          0x0000000020000000       0x30 /tmp/ccNepAPN.o
                0x0000000020000000                Setpoint
                0x0000000020000008                ki
                0x0000000020000010                kd
                0x0000000020000018                outMax
                0x0000000020000020                outMin
                0x0000000020000028                kp
 .data          0x0000000020000030       0x14 /tmp/ccPE2RiI.o
                0x0000000020000030                AHBPrescTable
                0x0000000020000040                SystemCoreClock
 .data          0x0000000020000044       0x14 /tmp/ccVUKr2M.o
 .data          0x0000000020000058        0x5 /tmp/ccovhg88.o
                0x0000000020000058                deneme
                0x000000002000005c                timeoutCnt
 *(.data*)
 *fill*         0x000000002000005d        0x3 
 .data._impure_ptr
                0x0000000020000060        0x4 /home/alpagut/gcc-arm-none-eabi-8-2019-q3-update/bin/../lib/gcc/arm-none-eabi/8.3.1/../../../../arm-none-eabi/lib/thumb/v7-m/nofp/libc_nano.a(lib_a-impure.o)
                0x0000000020000060                _impure_ptr
 .data.impure_data
                0x0000000020000064       0x60 /home/alpagut/gcc-arm-none-eabi-8-2019-q3-update/bin/../lib/gcc/arm-none-eabi/8.3.1/../../../../arm-none-eabi/lib/thumb/v7-m/nofp/libc_nano.a(lib_a-impure.o)
                0x00000000200000c4                . = ALIGN (0x4)
                0x00000000200000c4                _edata = .

.igot.plt       0x00000000200000c4        0x0 load address 0x0000000008004058
 .igot.plt      0x00000000200000c4        0x0 /home/alpagut/gcc-arm-none-eabi-8-2019-q3-update/bin/../lib/gcc/arm-none-eabi/8.3.1/thumb/v7-m/nofp/crtbegin.o
                0x00000000200000c4                . = ALIGN (0x4)

.bss            0x00000000200000c8      0x120 load address 0x0000000008004060
                0x00000000200000c8                _sbss = .
                0x00000000200000c8                __bss_start__ = _sbss
 *(.bss)
 .bss           0x00000000200000c8       0x1c /home/alpagut/gcc-arm-none-eabi-8-2019-q3-update/bin/../lib/gcc/arm-none-eabi/8.3.1/thumb/v7-m/nofp/crtbegin.o
 *fill*         0x00000000200000e4        0x4 
 .bss           0x00000000200000e8       0x20 /tmp/ccNepAPN.o
                0x00000000200000e8                error
                0x00000000200000f0                ITerm
                0x00000000200000f8                lastErr
                0x0000000020000100                DTerm
 .bss           0x0000000020000108        0x1 /tmp/ccSdF643.o
                0x0000000020000108                portlcd
 .bss           0x0000000020000109        0x1 /tmp/ccovhg88.o
                0x0000000020000109                newMessageFlag
 *fill*         0x000000002000010a        0x2 
 .bss           0x000000002000010c        0x4 /tmp/cc4rlssw.o
 *(.bss*)
 .bss.__malloc_free_list
                0x0000000020000110        0x4 /home/alpagut/gcc-arm-none-eabi-8-2019-q3-update/bin/../lib/gcc/arm-none-eabi/8.3.1/../../../../arm-none-eabi/lib/thumb/v7-m/nofp/libg_nano.a(lib_a-nano-mallocr.o)
                0x0000000020000110                __malloc_free_list
 .bss.__malloc_sbrk_start
                0x0000000020000114        0x4 /home/alpagut/gcc-arm-none-eabi-8-2019-q3-update/bin/../lib/gcc/arm-none-eabi/8.3.1/../../../../arm-none-eabi/lib/thumb/v7-m/nofp/libg_nano.a(lib_a-nano-mallocr.o)
                0x0000000020000114                __malloc_sbrk_start
 *(COMMON)
 COMMON         0x0000000020000118       0x58 /tmp/ccNepAPN.o
                0x0000000020000118                TIM_Pulse
                0x000000002000011c                buffer2
                0x0000000020000130                Output
                0x0000000020000138                rem
                0x0000000020000140                buffer
                0x0000000020000160                errorSum
                0x0000000020000168                Input
 COMMON         0x0000000020000170       0x65 /tmp/ccovhg88.o
                0x0000000020000170                packetbuffer
                0x00000000200001d4                packetbufferIndex
 *fill*         0x00000000200001d5        0x3 
 COMMON         0x00000000200001d8        0x4 /home/alpagut/gcc-arm-none-eabi-8-2019-q3-update/bin/../lib/gcc/arm-none-eabi/8.3.1/../../../../arm-none-eabi/lib/thumb/v7-m/nofp/libg_nano.a(lib_a-reent.o)
                0x00000000200001d8                errno
 COMMON         0x00000000200001dc        0x9 /home/alpagut/gcc-arm-none-eabi-8-2019-q3-update/bin/../lib/gcc/arm-none-eabi/8.3.1/../../../../arm-none-eabi/lib/thumb/v7-m/nofp/libg_nano.a(lib_a-lock.o)
                0x00000000200001dc                __lock___atexit_recursive_mutex
                0x00000000200001dd                __lock___arc4random_mutex
                0x00000000200001de                __lock___env_recursive_mutex
                0x00000000200001df                __lock___sinit_recursive_mutex
                0x00000000200001e0                __lock___malloc_recursive_mutex
                0x00000000200001e1                __lock___at_quick_exit_mutex
                0x00000000200001e2                __lock___dd_hash_mutex
                0x00000000200001e3                __lock___tz_mutex
                0x00000000200001e4                __lock___sfp_recursive_mutex
                0x00000000200001e8                . = ALIGN (0x4)
 *fill*         0x00000000200001e5        0x3 
                0x00000000200001e8                _ebss = .
                0x00000000200001e8                __bss_end__ = _ebss
                0x00000000200001e8                PROVIDE (end = _ebss)
                0x00000000200001e8                PROVIDE (_end = _ebss)

._user_heap_stack
                0x00000000200001e8      0x100 load address 0x0000000008004180
                0x00000000200001e8                . = ALIGN (0x4)
                0x00000000200001e8                . = (. + _Min_Heap_Size)
                0x00000000200002e8                . = (. + _Min_Stack_Size)
 *fill*         0x00000000200001e8      0x100 
                0x00000000200002e8                . = ALIGN (0x4)

.memory_b1_text
 *(.mb1text)
 *(.mb1text*)
 *(.mb1rodata)
 *(.mb1rodata*)

/DISCARD/
 libc.a(*)
 libm.a(*)
 libgcc.a(*)
OUTPUT(heat.elf elf32-littlearm)

.debug_frame    0x0000000000000000     0x1ef8
 .debug_frame   0x0000000000000000       0x2c /home/alpagut/gcc-arm-none-eabi-8-2019-q3-update/bin/../lib/gcc/arm-none-eabi/8.3.1/../../../../arm-none-eabi/lib/thumb/v7-m/nofp/libc_nano.a(lib_a-init.o)
 .debug_frame   0x000000000000002c       0xc4 /tmp/ccNepAPN.o
 .debug_frame   0x00000000000000f0       0x48 /tmp/ccPE2RiI.o
 .debug_frame   0x0000000000000138      0x2c0 /tmp/ccIFe8DE.o
 .debug_frame   0x00000000000003f8      0x1b0 /tmp/ccAUQKA7.o
 .debug_frame   0x00000000000005a8      0x26c /tmp/ccgG4V1g.o
 .debug_frame   0x0000000000000814      0x228 /tmp/ccVUKr2M.o
 .debug_frame   0x0000000000000a3c      0x76c /tmp/ccuct6mK.o
 .debug_frame   0x00000000000011a8      0x258 /tmp/ccKHus53.o
 .debug_frame   0x0000000000001400       0x7c /tmp/ccLJd2II.o
 .debug_frame   0x000000000000147c      0x120 /tmp/ccSdF643.o
 .debug_frame   0x000000000000159c       0x6c /tmp/cc5ZlMTp.o
 .debug_frame   0x0000000000001608       0x70 /tmp/ccl4MfeM.o
 .debug_frame   0x0000000000001678       0xbc /tmp/ccovhg88.o
 .debug_frame   0x0000000000001734       0x70 /tmp/cc4rlssw.o
 .debug_frame   0x00000000000017a4       0xac /home/alpagut/gcc-arm-none-eabi-8-2019-q3-update/bin/../lib/gcc/arm-none-eabi/8.3.1/thumb/v7-m/nofp/libgcc.a(_arm_addsubdf3.o)
 .debug_frame   0x0000000000001850       0x50 /home/alpagut/gcc-arm-none-eabi-8-2019-q3-update/bin/../lib/gcc/arm-none-eabi/8.3.1/thumb/v7-m/nofp/libgcc.a(_arm_muldivdf3.o)
 .debug_frame   0x00000000000018a0       0xc4 /home/alpagut/gcc-arm-none-eabi-8-2019-q3-update/bin/../lib/gcc/arm-none-eabi/8.3.1/thumb/v7-m/nofp/libgcc.a(_arm_cmpdf2.o)
 .debug_frame   0x0000000000001964       0x24 /home/alpagut/gcc-arm-none-eabi-8-2019-q3-update/bin/../lib/gcc/arm-none-eabi/8.3.1/thumb/v7-m/nofp/libgcc.a(_arm_fixdfsi.o)
 .debug_frame   0x0000000000001988       0x24 /home/alpagut/gcc-arm-none-eabi-8-2019-q3-update/bin/../lib/gcc/arm-none-eabi/8.3.1/thumb/v7-m/nofp/libgcc.a(_arm_fixunsdfsi.o)
 .debug_frame   0x00000000000019ac       0x6c /home/alpagut/gcc-arm-none-eabi-8-2019-q3-update/bin/../lib/gcc/arm-none-eabi/8.3.1/../../../../arm-none-eabi/lib/thumb/v7-m/nofp/libg_nano.a(lib_a-sprintf.o)
 .debug_frame   0x0000000000001a18       0x90 /home/alpagut/gcc-arm-none-eabi-8-2019-q3-update/bin/../lib/gcc/arm-none-eabi/8.3.1/../../../../arm-none-eabi/lib/thumb/v7-m/nofp/libg_nano.a(lib_a-nano-svfprintf.o)
 .debug_frame   0x0000000000001aa8       0x60 /home/alpagut/gcc-arm-none-eabi-8-2019-q3-update/bin/../lib/gcc/arm-none-eabi/8.3.1/../../../../arm-none-eabi/lib/thumb/v7-m/nofp/libg_nano.a(lib_a-nano-vfprintf_i.o)
 .debug_frame   0x0000000000001b08       0x28 /home/alpagut/gcc-arm-none-eabi-8-2019-q3-update/bin/../lib/gcc/arm-none-eabi/8.3.1/../../../../arm-none-eabi/lib/thumb/v7-m/nofp/libg_nano.a(lib_a-memchr-stub.o)
 .debug_frame   0x0000000000001b30       0x28 /home/alpagut/gcc-arm-none-eabi-8-2019-q3-update/bin/../lib/gcc/arm-none-eabi/8.3.1/../../../../arm-none-eabi/lib/thumb/v7-m/nofp/libg_nano.a(lib_a-memcpy-stub.o)
 .debug_frame   0x0000000000001b58       0x28 /home/alpagut/gcc-arm-none-eabi-8-2019-q3-update/bin/../lib/gcc/arm-none-eabi/8.3.1/../../../../arm-none-eabi/lib/thumb/v7-m/nofp/libg_nano.a(lib_a-memmove.o)
 .debug_frame   0x0000000000001b80       0x38 /home/alpagut/gcc-arm-none-eabi-8-2019-q3-update/bin/../lib/gcc/arm-none-eabi/8.3.1/../../../../arm-none-eabi/lib/thumb/v7-m/nofp/libg_nano.a(lib_a-nano-freer.o)
 .debug_frame   0x0000000000001bb8       0x30 /home/alpagut/gcc-arm-none-eabi-8-2019-q3-update/bin/../lib/gcc/arm-none-eabi/8.3.1/../../../../arm-none-eabi/lib/thumb/v7-m/nofp/libg_nano.a(lib_a-nano-mallocr.o)
 .debug_frame   0x0000000000001be8       0x3c /home/alpagut/gcc-arm-none-eabi-8-2019-q3-update/bin/../lib/gcc/arm-none-eabi/8.3.1/../../../../arm-none-eabi/lib/thumb/v7-m/nofp/libg_nano.a(lib_a-nano-reallocr.o)
 .debug_frame   0x0000000000001c24       0x2c /home/alpagut/gcc-arm-none-eabi-8-2019-q3-update/bin/../lib/gcc/arm-none-eabi/8.3.1/../../../../arm-none-eabi/lib/thumb/v7-m/nofp/libg_nano.a(lib_a-sbrkr.o)
 .debug_frame   0x0000000000001c50       0x30 /home/alpagut/gcc-arm-none-eabi-8-2019-q3-update/bin/../lib/gcc/arm-none-eabi/8.3.1/../../../../arm-none-eabi/lib/thumb/v7-m/nofp/libg_nano.a(lib_a-mlock.o)
 .debug_frame   0x0000000000001c80       0x20 /home/alpagut/gcc-arm-none-eabi-8-2019-q3-update/bin/../lib/gcc/arm-none-eabi/8.3.1/../../../../arm-none-eabi/lib/thumb/v7-m/nofp/libg_nano.a(lib_a-nano-msizer.o)
 .debug_frame   0x0000000000001ca0       0x5c /home/alpagut/gcc-arm-none-eabi-8-2019-q3-update/bin/../lib/gcc/arm-none-eabi/8.3.1/../../../../arm-none-eabi/lib/thumb/v7-m/nofp/libg_nano.a(lib_a-reent.o)
 .debug_frame   0x0000000000001cfc       0xb0 /home/alpagut/gcc-arm-none-eabi-8-2019-q3-update/bin/../lib/gcc/arm-none-eabi/8.3.1/../../../../arm-none-eabi/lib/thumb/v7-m/nofp/libg_nano.a(lib_a-lock.o)
 .debug_frame   0x0000000000001dac      0x14c /home/alpagut/gcc-arm-none-eabi-8-2019-q3-update/bin/../lib/gcc/arm-none-eabi/8.3.1/../../../../arm-none-eabi/lib/thumb/v7-m/nofp/libc_nano.a(lib_a-findfp.o)

.debug_info     0x0000000000000000     0xd283
 .debug_info    0x0000000000000000     0x1b45 /tmp/ccNepAPN.o
 .debug_info    0x0000000000001b45      0x4c0 /tmp/ccPE2RiI.o
 .debug_info    0x0000000000002005      0xd92 /tmp/ccIFe8DE.o
 .debug_info    0x0000000000002d97      0x942 /tmp/ccAUQKA7.o
 .debug_info    0x00000000000036d9      0xca3 /tmp/ccgG4V1g.o
 .debug_info    0x000000000000437c      0xa39 /tmp/ccVUKr2M.o
 .debug_info    0x0000000000004db5     0x2854 /tmp/ccuct6mK.o
 .debug_info    0x0000000000007609      0xc50 /tmp/ccKHus53.o
 .debug_info    0x0000000000008259      0x544 /tmp/ccLJd2II.o
 .debug_info    0x000000000000879d     0x13cb /tmp/ccSdF643.o
 .debug_info    0x0000000000009b68      0xaad /tmp/cc5ZlMTp.o
 .debug_info    0x000000000000a615      0xe1c /tmp/ccl4MfeM.o
 .debug_info    0x000000000000b431     0x1150 /tmp/ccovhg88.o
 .debug_info    0x000000000000c581      0xce0 /tmp/cc4rlssw.o
 .debug_info    0x000000000000d261       0x22 /tmp/ccC8e1PT.o

.debug_abbrev   0x0000000000000000     0x23fc
 .debug_abbrev  0x0000000000000000      0x37d /tmp/ccNepAPN.o
 .debug_abbrev  0x000000000000037d      0x1ec /tmp/ccPE2RiI.o
 .debug_abbrev  0x0000000000000569      0x233 /tmp/ccIFe8DE.o
 .debug_abbrev  0x000000000000079c      0x259 /tmp/ccAUQKA7.o
 .debug_abbrev  0x00000000000009f5      0x2ac /tmp/ccgG4V1g.o
 .debug_abbrev  0x0000000000000ca1      0x2bf /tmp/ccVUKr2M.o
 .debug_abbrev  0x0000000000000f60      0x34d /tmp/ccuct6mK.o
 .debug_abbrev  0x00000000000012ad      0x220 /tmp/ccKHus53.o
 .debug_abbrev  0x00000000000014cd      0x1be /tmp/ccLJd2II.o
 .debug_abbrev  0x000000000000168b      0x338 /tmp/ccSdF643.o
 .debug_abbrev  0x00000000000019c3      0x207 /tmp/cc5ZlMTp.o
 .debug_abbrev  0x0000000000001bca      0x2a5 /tmp/ccl4MfeM.o
 .debug_abbrev  0x0000000000001e6f      0x2fc /tmp/ccovhg88.o
 .debug_abbrev  0x000000000000216b      0x27f /tmp/cc4rlssw.o
 .debug_abbrev  0x00000000000023ea       0x12 /tmp/ccC8e1PT.o

.debug_loc      0x0000000000000000     0x552e
 .debug_loc     0x0000000000000000      0x14f /tmp/ccNepAPN.o
 .debug_loc     0x000000000000014f       0xd6 /tmp/ccPE2RiI.o
 .debug_loc     0x0000000000000225      0xb0c /tmp/ccIFe8DE.o
 .debug_loc     0x0000000000000d31      0x6c6 /tmp/ccAUQKA7.o
 .debug_loc     0x00000000000013f7      0x726 /tmp/ccgG4V1g.o
 .debug_loc     0x0000000000001b1d      0x6d2 /tmp/ccVUKr2M.o
 .debug_loc     0x00000000000021ef     0x217f /tmp/ccuct6mK.o
 .debug_loc     0x000000000000436e      0x989 /tmp/ccKHus53.o
 .debug_loc     0x0000000000004cf7      0x19b /tmp/ccLJd2II.o
 .debug_loc     0x0000000000004e92      0x3b2 /tmp/ccSdF643.o
 .debug_loc     0x0000000000005244       0x64 /tmp/cc5ZlMTp.o
 .debug_loc     0x00000000000052a8      0x186 /tmp/ccl4MfeM.o
 .debug_loc     0x000000000000542e       0x53 /tmp/ccovhg88.o
 .debug_loc     0x0000000000005481       0xad /tmp/cc4rlssw.o

.debug_aranges  0x0000000000000000      0x1f8
 .debug_aranges
                0x0000000000000000       0x28 /tmp/ccNepAPN.o
 .debug_aranges
                0x0000000000000028       0x20 /tmp/ccPE2RiI.o
 .debug_aranges
                0x0000000000000048       0x20 /tmp/ccIFe8DE.o
 .debug_aranges
                0x0000000000000068       0x20 /tmp/ccAUQKA7.o
 .debug_aranges
                0x0000000000000088       0x20 /tmp/ccgG4V1g.o
 .debug_aranges
                0x00000000000000a8       0x20 /tmp/ccVUKr2M.o
 .debug_aranges
                0x00000000000000c8       0x20 /tmp/ccuct6mK.o
 .debug_aranges
                0x00000000000000e8       0x20 /tmp/ccKHus53.o
 .debug_aranges
                0x0000000000000108       0x20 /tmp/ccLJd2II.o
 .debug_aranges
                0x0000000000000128       0x20 /tmp/ccSdF643.o
 .debug_aranges
                0x0000000000000148       0x20 /tmp/cc5ZlMTp.o
 .debug_aranges
                0x0000000000000168       0x20 /tmp/ccl4MfeM.o
 .debug_aranges
                0x0000000000000188       0x20 /tmp/ccovhg88.o
 .debug_aranges
                0x00000000000001a8       0x28 /tmp/cc4rlssw.o
 .debug_aranges
                0x00000000000001d0       0x28 /tmp/ccC8e1PT.o

.debug_ranges   0x0000000000000000      0x218
 .debug_ranges  0x0000000000000000       0x30 /tmp/ccNepAPN.o
 .debug_ranges  0x0000000000000030       0x58 /tmp/ccPE2RiI.o
 .debug_ranges  0x0000000000000088       0x28 /tmp/ccVUKr2M.o
 .debug_ranges  0x00000000000000b0      0x100 /tmp/ccuct6mK.o
 .debug_ranges  0x00000000000001b0       0x30 /tmp/ccovhg88.o
 .debug_ranges  0x00000000000001e0       0x18 /tmp/cc4rlssw.o
 .debug_ranges  0x00000000000001f8       0x20 /tmp/ccC8e1PT.o

.debug_line     0x0000000000000000     0x65d3
 .debug_line    0x0000000000000000      0x751 /tmp/ccNepAPN.o
 .debug_line    0x0000000000000751      0x3bb /tmp/ccPE2RiI.o
 .debug_line    0x0000000000000b0c      0x942 /tmp/ccIFe8DE.o
 .debug_line    0x000000000000144e      0x715 /tmp/ccAUQKA7.o
 .debug_line    0x0000000000001b63      0x86a /tmp/ccgG4V1g.o
 .debug_line    0x00000000000023cd      0x86b /tmp/ccVUKr2M.o
 .debug_line    0x0000000000002c38     0x19d1 /tmp/ccuct6mK.o
 .debug_line    0x0000000000004609      0x871 /tmp/ccKHus53.o
 .debug_line    0x0000000000004e7a      0x33d /tmp/ccLJd2II.o
 .debug_line    0x00000000000051b7      0x52a /tmp/ccSdF643.o
 .debug_line    0x00000000000056e1      0x348 /tmp/cc5ZlMTp.o
 .debug_line    0x0000000000005a29      0x3b2 /tmp/ccl4MfeM.o
 .debug_line    0x0000000000005ddb      0x4d8 /tmp/ccovhg88.o
 .debug_line    0x00000000000062b3      0x24c /tmp/cc4rlssw.o
 .debug_line    0x00000000000064ff       0xd4 /tmp/ccC8e1PT.o

.debug_str      0x0000000000000000     0x31e2
 .debug_str     0x0000000000000000     0x1041 /tmp/ccNepAPN.o
                                       0x1108 (size before relaxing)
 .debug_str     0x0000000000001041      0x13b /tmp/ccPE2RiI.o
                                        0x339 (size before relaxing)
 .debug_str     0x000000000000117c      0x430 /tmp/ccIFe8DE.o
                                        0x775 (size before relaxing)
 .debug_str     0x00000000000015ac      0x25c /tmp/ccAUQKA7.o
                                        0x593 (size before relaxing)
 .debug_str     0x0000000000001808      0x471 /tmp/ccgG4V1g.o
                                        0x6f2 (size before relaxing)
 .debug_str     0x0000000000001c79      0x303 /tmp/ccVUKr2M.o
                                        0x67d (size before relaxing)
 .debug_str     0x0000000000001f7c      0x96e /tmp/ccuct6mK.o
                                        0xe6e (size before relaxing)
 .debug_str     0x00000000000028ea      0x42c /tmp/ccKHus53.o
                                        0x733 (size before relaxing)
 .debug_str     0x0000000000002d16      0x15f /tmp/ccLJd2II.o
                                        0x41b (size before relaxing)
 .debug_str     0x0000000000002e75       0xa1 /tmp/ccSdF643.o
                                        0x95d (size before relaxing)
 .debug_str     0x0000000000002f16       0x20 /tmp/cc5ZlMTp.o
                                        0x65e (size before relaxing)
 .debug_str     0x0000000000002f36       0x3c /tmp/ccl4MfeM.o
                                        0x80d (size before relaxing)
 .debug_str     0x0000000000002f72       0x96 /tmp/ccovhg88.o
                                        0xca7 (size before relaxing)
 .debug_str     0x0000000000003008      0x154 /tmp/cc4rlssw.o
                                        0x732 (size before relaxing)
 .debug_str     0x000000000000315c       0x86 /tmp/ccC8e1PT.o
                                         0xb0 (size before relaxing)

.comment        0x0000000000000000       0x76
 .comment       0x0000000000000000       0x76 /tmp/ccNepAPN.o
                                         0x77 (size before relaxing)
 .comment       0x0000000000000076       0x77 /tmp/ccPE2RiI.o
 .comment       0x0000000000000076       0x77 /tmp/ccIFe8DE.o
 .comment       0x0000000000000076       0x77 /tmp/ccAUQKA7.o
 .comment       0x0000000000000076       0x77 /tmp/ccgG4V1g.o
 .comment       0x0000000000000076       0x77 /tmp/ccVUKr2M.o
 .comment       0x0000000000000076       0x77 /tmp/ccuct6mK.o
 .comment       0x0000000000000076       0x77 /tmp/ccKHus53.o
 .comment       0x0000000000000076       0x77 /tmp/ccLJd2II.o
 .comment       0x0000000000000076       0x77 /tmp/ccSdF643.o
 .comment       0x0000000000000076       0x77 /tmp/cc5ZlMTp.o
 .comment       0x0000000000000076       0x77 /tmp/ccl4MfeM.o
 .comment       0x0000000000000076       0x77 /tmp/ccovhg88.o
 .comment       0x0000000000000076       0x77 /tmp/cc4rlssw.o
