Archive member included to satisfy reference by file (symbol)

/home/alpagut/gcc-arm-none-eabi-8-2019-q3-update/bin/../lib/gcc/arm-none-eabi/8.3.1/../../../../arm-none-eabi/lib/thumb/v7-m/nofp/libc_nano.a(lib_a-exit.o)
                              /home/alpagut/gcc-arm-none-eabi-8-2019-q3-update/bin/../lib/gcc/arm-none-eabi/8.3.1/../../../../arm-none-eabi/lib/thumb/v7-m/nofp/rdimon-crt0.o (exit)
/home/alpagut/gcc-arm-none-eabi-8-2019-q3-update/bin/../lib/gcc/arm-none-eabi/8.3.1/../../../../arm-none-eabi/lib/thumb/v7-m/nofp/libc_nano.a(lib_a-impure.o)
                              /home/alpagut/gcc-arm-none-eabi-8-2019-q3-update/bin/../lib/gcc/arm-none-eabi/8.3.1/../../../../arm-none-eabi/lib/thumb/v7-m/nofp/libc_nano.a(lib_a-exit.o) (_global_impure_ptr)
/home/alpagut/gcc-arm-none-eabi-8-2019-q3-update/bin/../lib/gcc/arm-none-eabi/8.3.1/../../../../arm-none-eabi/lib/thumb/v7-m/nofp/libc_nano.a(lib_a-init.o)
                              /home/alpagut/gcc-arm-none-eabi-8-2019-q3-update/bin/../lib/gcc/arm-none-eabi/8.3.1/../../../../arm-none-eabi/lib/thumb/v7-m/nofp/rdimon-crt0.o (__libc_init_array)
/home/alpagut/gcc-arm-none-eabi-8-2019-q3-update/bin/../lib/gcc/arm-none-eabi/8.3.1/../../../../arm-none-eabi/lib/thumb/v7-m/nofp/libc_nano.a(lib_a-memset.o)
                              /home/alpagut/gcc-arm-none-eabi-8-2019-q3-update/bin/../lib/gcc/arm-none-eabi/8.3.1/../../../../arm-none-eabi/lib/thumb/v7-m/nofp/rdimon-crt0.o (memset)
/home/alpagut/gcc-arm-none-eabi-8-2019-q3-update/bin/../lib/gcc/arm-none-eabi/8.3.1/thumb/v7-m/nofp/libgcc.a(_arm_addsubdf3.o)
                              /tmp/cc49dUAw.o (__aeabi_dsub)
/home/alpagut/gcc-arm-none-eabi-8-2019-q3-update/bin/../lib/gcc/arm-none-eabi/8.3.1/thumb/v7-m/nofp/libgcc.a(_arm_muldivdf3.o)
                              /tmp/cc49dUAw.o (__aeabi_dmul)
/home/alpagut/gcc-arm-none-eabi-8-2019-q3-update/bin/../lib/gcc/arm-none-eabi/8.3.1/thumb/v7-m/nofp/libgcc.a(_arm_cmpdf2.o)
                              /tmp/cc49dUAw.o (__aeabi_dcmplt)
/home/alpagut/gcc-arm-none-eabi-8-2019-q3-update/bin/../lib/gcc/arm-none-eabi/8.3.1/thumb/v7-m/nofp/libgcc.a(_arm_fixdfsi.o)
                              /tmp/cc49dUAw.o (__aeabi_d2iz)
/home/alpagut/gcc-arm-none-eabi-8-2019-q3-update/bin/../lib/gcc/arm-none-eabi/8.3.1/thumb/v7-m/nofp/libgcc.a(_arm_fixunsdfsi.o)
                              /tmp/cc49dUAw.o (__aeabi_d2uiz)
/home/alpagut/gcc-arm-none-eabi-8-2019-q3-update/bin/../lib/gcc/arm-none-eabi/8.3.1/../../../../arm-none-eabi/lib/thumb/v7-m/nofp/libg_nano.a(lib_a-sprintf.o)
                              /tmp/cc49dUAw.o (sprintf)
/home/alpagut/gcc-arm-none-eabi-8-2019-q3-update/bin/../lib/gcc/arm-none-eabi/8.3.1/../../../../arm-none-eabi/lib/thumb/v7-m/nofp/libg_nano.a(lib_a-nano-svfprintf.o)
                              /home/alpagut/gcc-arm-none-eabi-8-2019-q3-update/bin/../lib/gcc/arm-none-eabi/8.3.1/../../../../arm-none-eabi/lib/thumb/v7-m/nofp/libg_nano.a(lib_a-sprintf.o) (_svfprintf_r)
/home/alpagut/gcc-arm-none-eabi-8-2019-q3-update/bin/../lib/gcc/arm-none-eabi/8.3.1/../../../../arm-none-eabi/lib/thumb/v7-m/nofp/libg_nano.a(lib_a-nano-vfprintf_i.o)
                              /home/alpagut/gcc-arm-none-eabi-8-2019-q3-update/bin/../lib/gcc/arm-none-eabi/8.3.1/../../../../arm-none-eabi/lib/thumb/v7-m/nofp/libg_nano.a(lib_a-nano-svfprintf.o) (_printf_i)
/home/alpagut/gcc-arm-none-eabi-8-2019-q3-update/bin/../lib/gcc/arm-none-eabi/8.3.1/../../../../arm-none-eabi/lib/thumb/v7-m/nofp/libg_nano.a(lib_a-memchr-stub.o)
                              /home/alpagut/gcc-arm-none-eabi-8-2019-q3-update/bin/../lib/gcc/arm-none-eabi/8.3.1/../../../../arm-none-eabi/lib/thumb/v7-m/nofp/libg_nano.a(lib_a-nano-svfprintf.o) (memchr)
/home/alpagut/gcc-arm-none-eabi-8-2019-q3-update/bin/../lib/gcc/arm-none-eabi/8.3.1/../../../../arm-none-eabi/lib/thumb/v7-m/nofp/libg_nano.a(lib_a-memcpy-stub.o)
                              /home/alpagut/gcc-arm-none-eabi-8-2019-q3-update/bin/../lib/gcc/arm-none-eabi/8.3.1/../../../../arm-none-eabi/lib/thumb/v7-m/nofp/libg_nano.a(lib_a-nano-svfprintf.o) (memcpy)
/home/alpagut/gcc-arm-none-eabi-8-2019-q3-update/bin/../lib/gcc/arm-none-eabi/8.3.1/../../../../arm-none-eabi/lib/thumb/v7-m/nofp/libg_nano.a(lib_a-memmove.o)
                              /home/alpagut/gcc-arm-none-eabi-8-2019-q3-update/bin/../lib/gcc/arm-none-eabi/8.3.1/../../../../arm-none-eabi/lib/thumb/v7-m/nofp/libg_nano.a(lib_a-nano-svfprintf.o) (memmove)
/home/alpagut/gcc-arm-none-eabi-8-2019-q3-update/bin/../lib/gcc/arm-none-eabi/8.3.1/../../../../arm-none-eabi/lib/thumb/v7-m/nofp/libg_nano.a(lib_a-nano-freer.o)
                              /home/alpagut/gcc-arm-none-eabi-8-2019-q3-update/bin/../lib/gcc/arm-none-eabi/8.3.1/../../../../arm-none-eabi/lib/thumb/v7-m/nofp/libg_nano.a(lib_a-nano-svfprintf.o) (_free_r)
/home/alpagut/gcc-arm-none-eabi-8-2019-q3-update/bin/../lib/gcc/arm-none-eabi/8.3.1/../../../../arm-none-eabi/lib/thumb/v7-m/nofp/libg_nano.a(lib_a-nano-mallocr.o)
[...]
Memory Configuration

Name             Origin             Length             Attributes
FLASH            0x0000000008000000 0x0000000000020000 xr
RAM              0x0000000020000000 0x0000000000005000 xrw
MEMORY_B1        0x0000000060000000 0x0000000000000000 xr
*default*        0x0000000000000000 0xffffffffffffffff

Linker script and memory map

LOAD /home/alpagut/gcc-arm-none-eabi-8-2019-q3-update/bin/../lib/gcc/arm-none-eabi/8.3.1/thumb/v7-m/nofp/crti.o
LOAD /home/alpagut/gcc-arm-none-eabi-8-2019-q3-update/bin/../lib/gcc/arm-none-eabi/8.3.1/thumb/v7-m/nofp/crtbegin.o
LOAD /home/alpagut/gcc-arm-none-eabi-8-2019-q3-update/bin/../lib/gcc/arm-none-eabi/8.3.1/../../../../arm-none-eabi/lib/thumb/v7-m/nofp/rdimon-crt0.o
LOAD /home/alpagut/gcc-arm-none-eabi-8-2019-q3-update/bin/../lib/gcc/arm-none-eabi/8.3.1/thumb/v7-m/nofp/libgcc.a
LOAD /home/alpagut/gcc-arm-none-eabi-8-2019-q3-update/bin/../lib/gcc/arm-none-eabi/8.3.1/../../../../arm-none-eabi/lib/thumb/v7-m/nofp/libc_nano.a
LOAD /home/alpagut/gcc-arm-none-eabi-8-2019-q3-update/bin/../lib/gcc/arm-none-eabi/8.3.1/../../../../arm-none-eabi/lib/thumb/v7-m/nofp/libm.a
LOAD /tmp/cc49dUAw.o
LOAD /tmp/cc5X13yw.o
LOAD /tmp/cckooa4x.o
LOAD /tmp/cce1fXXz.o
LOAD /tmp/ccWZWMnD.o
LOAD /tmp/ccIfEvjH.o
LOAD /tmp/ccUxC3yL.o
LOAD /tmp/ccNIQhgQ.o
LOAD /tmp/ccYNx4cV.o
LOAD /tmp/ccPClOG0.o
LOAD /tmp/ccWGXYC6.o
LOAD /tmp/cc5uBiOd.o
LOAD /tmp/ccYwKV4l.o
LOAD /tmp/cc57dXfv.o
LOAD /tmp/ccKe7fUF.o
LOAD /tmp/ccX4Jv0Q.o
LOAD /tmp/ccM9eXA2.o
LOAD /tmp/ccUSQ0pf.o
LOAD /tmp/ccy0FP7s.o
LOAD /tmp/ccH2R0XH.o
LOAD /tmp/ccvpiq5X.o
LOAD /tmp/cc7NOXgi.o
LOAD /tmp/ccMo7s3D.o
LOAD /tmp/ccWakDh0.o
LOAD /tmp/ccg4bJYm.o
LOAD /tmp/ccuKGNAK.o
LOAD /tmp/ccTzhxH8.o
LOAD /tmp/cccA7ppx.o
LOAD /tmp/ccK4UqRW.o
LOAD /tmp/ccFw5CCm.o
LOAD /tmp/ccdZwnrM.o
START GROUP
LOAD /home/alpagut/gcc-arm-none-eabi-8-2019-q3-update/bin/../lib/gcc/arm-none-eabi/8.3.1/thumb/v7-m/nofp/libgcc.a
LOAD /home/alpagut/gcc-arm-none-eabi-8-2019-q3-update/bin/../lib/gcc/arm-none-eabi/8.3.1/../../../../arm-none-eabi/lib/thumb/v7-m/nofp/libg_nano.a
LOAD /home/alpagut/gcc-arm-none-eabi-8-2019-q3-update/bin/../lib/gcc/arm-none-eabi/8.3.1/../../../../arm-none-eabi/lib/thumb/v7-m/nofp/libc_nano.a
END GROUP
START GROUP
LOAD /home/alpagut/gcc-arm-none-eabi-8-2019-q3-update/bin/../lib/gcc/arm-none-eabi/8.3.1/thumb/v7-m/nofp/libgcc.a
LOAD /home/alpagut/gcc-arm-none-eabi-8-2019-q3-update/bin/../lib/gcc/arm-none-eabi/8.3.1/../../../../arm-none-eabi/lib/thumb/v7-m/nofp/libc_nano.a
LOAD /home/alpagut/gcc-arm-none-eabi-8-2019-q3-update/bin/../lib/gcc/arm-none-eabi/8.3.1/../../../../arm-none-eabi/lib/thumb/v7-m/nofp/librdimon_nano.a
END GROUP
START GROUP
LOAD /home/alpagut/gcc-arm-none-eabi-8-2019-q3-update/bin/../lib/gcc/arm-none-eabi/8.3.1/thumb/v7-m/nofp/libgcc.a
LOAD /home/alpagut/gcc-arm-none-eabi-8-2019-q3-update/bin/../lib/gcc/arm-none-eabi/8.3.1/../../../../arm-none-eabi/lib/thumb/v7-m/nofp/libc_nano.a
LOAD /home/alpagut/gcc-arm-none-eabi-8-2019-q3-update/bin/../lib/gcc/arm-none-eabi/8.3.1/../../../../arm-none-eabi/lib/thumb/v7-m/nofp/librdimon_nano.a
END GROUP
LOAD /home/alpagut/gcc-arm-none-eabi-8-2019-q3-update/bin/../lib/gcc/arm-none-eabi/8.3.1/thumb/v7-m/nofp/crtend.o
LOAD /home/alpagut/gcc-arm-none-eabi-8-2019-q3-update/bin/../lib/gcc/arm-none-eabi/8.3.1/thumb/v7-m/nofp/crtn.o
                0x0000000020005000                _estack = 0x20005000
                0x0000000000000000                _Min_Heap_Size = 0x0
                0x0000000000000100                _Min_Stack_Size = 0x100

.isr_vector     0x0000000008000000      0x10c
                0x0000000008000000                . = ALIGN (0x4)
 *(.isr_vector)
 .isr_vector    0x0000000008000000      0x10c /tmp/ccdZwnrM.o
                0x0000000008000000                g_pfnVectors
                0x000000000800010c                . = ALIGN (0x4)

.eh_frame       0x000000000800010c        0x0
 .eh_frame      0x000000000800010c        0x0 /home/alpagut/gcc-arm-none-eabi-8-2019-q3-update/bin/../lib/gcc/arm-none-eabi/8.3.1/thumb/v7-m/nofp/crtbegin.o

.text           0x0000000008000110     0x3e08
                0x0000000008000110                . = ALIGN (0x4)
 *(.text)
 .text          0x0000000008000110       0x40 /home/alpagut/gcc-arm-none-eabi-8-2019-q3-update/bin/../lib/gcc/arm-none-eabi/8.3.1/thumb/v7-m/nofp/crtbegin.o
 .text          0x0000000008000150      0x2c8 /tmp/cc49dUAw.o
                0x0000000008000150                adc_init
                0x00000000080001d8                tim_init
                0x0000000008000228                getADC
                0x000000000800026c                TIM4_IRQHandler
 .text          0x0000000008000418      0x15c /tmp/cc5X13yw.o
                0x0000000008000418                SystemInit
                0x000000000800051c                SystemCoreClockUpdate
 .text          0x0000000008000574      0x38c /tmp/cckooa4x.o
                0x0000000008000574                ADC_DeInit
                0x00000000080005e0                ADC_Init
                0x0000000008000628                ADC_StructInit
                0x0000000008000638                ADC_Cmd
                0x000000000800064c                ADC_DMACmd
                0x0000000008000660                ADC_ITConfig
                0x0000000008000674                ADC_ResetCalibration
                0x0000000008000680                ADC_GetResetCalibrationStatus
                0x0000000008000688                ADC_StartCalibration
                0x0000000008000694                ADC_GetCalibrationStatus
                0x000000000800069c                ADC_SoftwareStartConvCmd
                0x00000000080006b0                ADC_GetSoftwareStartConvStatus
                0x00000000080006b8                ADC_DiscModeChannelCountConfig
                0x00000000080006c8                ADC_DiscModeCmd
                0x00000000080006dc                ADC_RegularChannelConfig
                0x0000000008000764                ADC_ExternalTrigConvCmd
                0x0000000008000778                ADC_GetConversionValue
                0x0000000008000780                ADC_GetDualModeConversionValue
                0x000000000800078c                ADC_AutoInjectedConvCmd
                0x00000000080007a0                ADC_InjectedDiscModeCmd
                0x00000000080007b4                ADC_ExternalTrigInjectedConvConfig
                0x00000000080007c0                ADC_ExternalTrigInjectedConvCmd
                0x00000000080007d4                ADC_SoftwareStartInjectedConvCmd
                0x00000000080007e8                ADC_GetSoftwareStartInjectedConvCmdStatus
                0x00000000080007f0                ADC_InjectedChannelConfig
                0x0000000008000848                ADC_InjectedSequencerLengthConfig
                0x0000000008000858                ADC_SetInjectedOffset
                0x0000000008000870                ADC_GetInjectedConversionValue
                0x000000000800088c                ADC_AnalogWatchdogCmd
                0x000000000800089c                ADC_AnalogWatchdogThresholdsConfig
                0x00000000080008a4                ADC_AnalogWatchdogSingleChannelConfig
                0x00000000080008b0                ADC_TempSensorVrefintCmd
                0x00000000080008cc                ADC_GetFlagStatus
                0x00000000080008d8                ADC_ClearFlag
                0x00000000080008e0                ADC_GetITStatus
                0x00000000080008f8                ADC_ClearITPendingBit
 .text          0x0000000008000900      0x2dc /tmp/cc57dXfv.o
                0x0000000008000900                GPIO_DeInit
                0x00000000080009dc                GPIO_AFIODeInit
                0x00000000080009f4                GPIO_Init
                0x0000000008000aac                GPIO_StructInit
                0x0000000008000abc                GPIO_ReadInputDataBit
                0x0000000008000ac8                GPIO_ReadInputData
                0x0000000008000ad0                GPIO_ReadOutputDataBit
                0x0000000008000adc                GPIO_ReadOutputData
                0x0000000008000ae4                GPIO_SetBits
                0x0000000008000ae8                GPIO_ResetBits
                0x0000000008000aec                GPIO_WriteBit
                0x0000000008000af8                GPIO_Write
                0x0000000008000afc                GPIO_PinLockConfig
                0x0000000008000b0c                GPIO_EventOutputConfig
                0x0000000008000b28                GPIO_EventOutputCmd
                0x0000000008000b34                GPIO_PinRemapConfig
                0x0000000008000ba0                GPIO_EXTILineConfig
                0x0000000008000bd0                GPIO_ETH_MediaInterfaceConfig
 .text          0x0000000008000bdc      0x3a4 /tmp/ccKe7fUF.o
                0x0000000008000bdc                I2C_DeInit
                0x0000000008000c18                I2C_Init
                0x0000000008000ce8                I2C_StructInit
                0x0000000008000d08                I2C_Cmd
                0x0000000008000d20                I2C_DMACmd
                0x0000000008000d38                I2C_DMALastTransferCmd
                0x0000000008000d50                I2C_GenerateSTART
                0x0000000008000d68                I2C_GenerateSTOP
                0x0000000008000d80                I2C_AcknowledgeConfig
                0x0000000008000d98                I2C_OwnAddress2Config
                0x0000000008000dac                I2C_DualAddressCmd
                0x0000000008000dc4                I2C_GeneralCallCmd
                0x0000000008000ddc                I2C_ITConfig
                0x0000000008000df0                I2C_SendData
                0x0000000008000df4                I2C_ReceiveData
                0x0000000008000dfc                I2C_Send7bitAddress
                0x0000000008000e14                I2C_ReadRegister
                0x0000000008000e2c                I2C_SoftwareResetCmd
                0x0000000008000e40                I2C_NACKPositionConfig
                0x0000000008000e58                I2C_SMBusAlertConfig
                0x0000000008000e70                I2C_TransmitPEC
                0x0000000008000e88                I2C_PECPositionConfig
                0x0000000008000e8c                I2C_CalculatePEC
                0x0000000008000ea4                I2C_GetPEC
                0x0000000008000eac                I2C_ARPCmd
                0x0000000008000ec4                I2C_StretchClockCmd
                0x0000000008000edc                I2C_FastModeDutyCycleConfig
                0x0000000008000ef4                I2C_CheckEvent
                0x0000000008000f0c                I2C_GetLastEvent
                0x0000000008000f1c                I2C_GetFlagStatus
                0x0000000008000f54                I2C_ClearFlag
                0x0000000008000f5c                I2C_GetITStatus
                0x0000000008000f78                I2C_ClearITPendingBit
 .text          0x0000000008000f80      0x35c /tmp/ccUSQ0pf.o
                0x0000000008000f80                RCC_DeInit
                0x0000000008000fc0                RCC_HSEConfig
                0x0000000008000ff8                RCC_WaitForHSEStartUp
                0x000000000800102c                RCC_AdjustHSICalibrationValue
                0x0000000008001040                RCC_HSICmd
                0x000000000800104c                RCC_PLLConfig
                0x0000000008001060                RCC_PLLCmd
                0x000000000800106c                RCC_SYSCLKConfig
                0x0000000008001080                RCC_GetSYSCLKSource
                0x0000000008001090                RCC_HCLKConfig
                0x00000000080010a4                RCC_PCLK1Config
                0x00000000080010b8                RCC_PCLK2Config
                0x00000000080010cc                RCC_ITConfig
                0x00000000080010e4                RCC_USBCLKConfig
                0x00000000080010f0                RCC_ADCCLKConfig
                0x0000000008001104                RCC_LSEConfig
                0x0000000008001124                RCC_LSICmd
                0x0000000008001130                RCC_RTCCLKConfig
                0x0000000008001140                RCC_RTCCLKCmd
                0x000000000800114c                RCC_GetClocksFreq
                0x00000000080011dc                RCC_AHBPeriphClockCmd
                0x00000000080011f4                RCC_APB2PeriphClockCmd
                0x000000000800120c                RCC_APB1PeriphClockCmd
                0x0000000008001224                RCC_APB2PeriphResetCmd
                0x000000000800123c                RCC_APB1PeriphResetCmd
                0x0000000008001254                RCC_BackupResetCmd
                0x0000000008001260                RCC_ClockSecuritySystemCmd
                0x000000000800126c                RCC_MCOConfig
                0x0000000008001278                RCC_GetFlagStatus
                0x00000000080012ac                RCC_ClearFlag
                0x00000000080012bc                RCC_GetITStatus
                0x00000000080012d0                RCC_ClearITPendingBit
 .text          0x00000000080012dc      0xdb4 /tmp/cc7NOXgi.o
                0x00000000080013d8                TIM_DeInit
                0x000000000800160c                TIM_TimeBaseInit
                0x00000000080016b8                TIM_OC1Init
                0x0000000008001740                TIM_OC2Init
                0x00000000080017c4                TIM_OC3Init
                0x0000000008001848                TIM_OC4Init
                0x00000000080018b4                TIM_ICInit
                0x0000000008001a18                TIM_PWMIConfig
                0x0000000008001ab4                TIM_BDTRConfig
                0x0000000008001ad8                TIM_TimeBaseStructInit
                0x0000000008001aec                TIM_OCStructInit
                0x0000000008001b00                TIM_ICStructInit
                0x0000000008001b10                TIM_BDTRStructInit
                0x0000000008001b24                TIM_Cmd
                0x0000000008001b3c                TIM_CtrlPWMOutputs
                0x0000000008001b58                TIM_ITConfig
                0x0000000008001b6c                TIM_GenerateEvent
                0x0000000008001b70                TIM_DMAConfig
                0x0000000008001b78                TIM_DMACmd
                0x0000000008001b7c                TIM_InternalClockConfig
                0x0000000008001b8c                TIM_ITRxExternalClockConfig
                0x0000000008001ba4                TIM_TIxExternalClockConfig
                0x0000000008001bd8                TIM_ETRClockMode1Config
                0x0000000008001c00                TIM_ETRClockMode2Config
                0x0000000008001c20                TIM_ETRConfig
                0x0000000008001c38                TIM_PrescalerConfig
                0x0000000008001c40                TIM_CounterModeConfig
                0x0000000008001c50                TIM_SelectInputTrigger
                0x0000000008001c60                TIM_EncoderInterfaceConfig
                0x0000000008001c9c                TIM_ForcedOC1Config
                0x0000000008001cac                TIM_ForcedOC2Config
                0x0000000008001cc0                TIM_ForcedOC3Config
                0x0000000008001cd0                TIM_ForcedOC4Config
                0x0000000008001ce4                TIM_ARRPreloadConfig
                0x0000000008001cfc                TIM_SelectCOM
                0x0000000008001d14                TIM_SelectCCDMA
                0x0000000008001d2c                TIM_CCPreloadControl
                0x0000000008001d44                TIM_OC1PreloadConfig
                0x0000000008001d54                TIM_OC2PreloadConfig
                0x0000000008001d68                TIM_OC3PreloadConfig
                0x0000000008001d78                TIM_OC4PreloadConfig
                0x0000000008001d8c                TIM_OC1FastConfig
                0x0000000008001d9c                TIM_OC2FastConfig
                0x0000000008001db0                TIM_OC3FastConfig
                0x0000000008001dc0                TIM_OC4FastConfig
                0x0000000008001dd4                TIM_ClearOC1Ref
                0x0000000008001de4                TIM_ClearOC2Ref
                0x0000000008001df4                TIM_ClearOC3Ref
                0x0000000008001e04                TIM_ClearOC4Ref
                0x0000000008001e14                TIM_OC1PolarityConfig
                0x0000000008001e24                TIM_OC1NPolarityConfig
                0x0000000008001e34                TIM_OC2PolarityConfig
                0x0000000008001e48                TIM_OC2NPolarityConfig
                0x0000000008001e5c                TIM_OC3PolarityConfig
                0x0000000008001e70                TIM_OC3NPolarityConfig
                0x0000000008001e84                TIM_OC4PolarityConfig
                0x0000000008001e98                TIM_CCxCmd
                0x0000000008001eb8                TIM_CCxNCmd
                0x0000000008001ed8                TIM_SelectOCxM
                0x0000000008001f20                TIM_UpdateDisableConfig
                0x0000000008001f38                TIM_UpdateRequestConfig
                0x0000000008001f50                TIM_SelectHallSensor
                0x0000000008001f68                TIM_SelectOnePulseMode
                0x0000000008001f7c                TIM_SelectOutputTrigger
                0x0000000008001f90                TIM_SelectSlaveMode
                0x0000000008001fa4                TIM_SelectMasterSlaveMode
                0x0000000008001fb8                TIM_SetCounter
                0x0000000008001fbc                TIM_SetAutoreload
                0x0000000008001fc0                TIM_SetCompare1
                0x0000000008001fc4                TIM_SetCompare2
                0x0000000008001fc8                TIM_SetCompare3
                0x0000000008001fcc                TIM_SetCompare4
                0x0000000008001fd4                TIM_SetIC1Prescaler
                0x0000000008001fe8                TIM_SetIC2Prescaler
                0x0000000008002000                TIM_SetIC3Prescaler
                0x0000000008002014                TIM_SetIC4Prescaler
                0x000000000800202c                TIM_SetClockDivision
                0x0000000008002040                TIM_GetCapture1
                0x0000000008002044                TIM_GetCapture2
                0x0000000008002048                TIM_GetCapture3
                0x000000000800204c                TIM_GetCapture4
                0x0000000008002054                TIM_GetCounter
                0x0000000008002058                TIM_GetPrescaler
                0x000000000800205c                TIM_GetFlagStatus
                0x0000000008002068                TIM_ClearFlag
                0x0000000008002070                TIM_GetITStatus
                0x0000000008002088                TIM_ClearITPendingBit
 .text          0x0000000008002090      0x3b8 /tmp/ccMo7s3D.o
                0x0000000008002090                USART_DeInit
                0x0000000008002140                USART_Init
                0x00000000080021f4                USART_StructInit
                0x0000000008002208                USART_ClockInit
                0x0000000008002228                USART_ClockStructInit
                0x0000000008002234                USART_Cmd
                0x000000000800224c                USART_ITConfig
                0x0000000008002284                USART_DMACmd
                0x0000000008002298                USART_SetAddress
                0x00000000080022ac                USART_WakeUpConfig
                0x00000000080022c0                USART_ReceiverWakeUpCmd
                0x00000000080022d8                USART_LINBreakDetectLengthConfig
                0x00000000080022ec                USART_LINCmd
                0x0000000008002304                USART_SendData
                0x000000000800230c                USART_ReceiveData
                0x0000000008002314                USART_SendBreak
                0x0000000008002320                USART_SetGuardTime
                0x0000000008002330                USART_SetPrescaler
                0x0000000008002340                USART_SmartCardCmd
                0x0000000008002358                USART_SmartCardNACKCmd
                0x0000000008002370                USART_HalfDuplexCmd
                0x0000000008002388                USART_OverSampling8Cmd
                0x000000000800239c                USART_OneBitMethodCmd
                0x00000000080023b4                USART_IrDAConfig
                0x00000000080023c8                USART_IrDACmd
                0x00000000080023e0                USART_GetFlagStatus
                0x00000000080023ec                USART_ClearFlag
                0x00000000080023f4                USART_GetITStatus
                0x0000000008002438                USART_ClearITPendingBit
 .text          0x0000000008002448       0xb0 /tmp/ccg4bJYm.o
                0x0000000008002448                NVIC_PriorityGroupConfig
                0x000000000800245c                NVIC_Init
                0x00000000080024b4                NVIC_SetVectorTable
                0x00000000080024c8                NVIC_SystemLPConfig
                0x00000000080024e0                SysTick_CLKSourceConfig
 .text          0x00000000080024f8      0x29c /tmp/ccuKGNAK.o
                0x00000000080024f8                I2C1_init
                0x000000000800256c                I2C_SendByteByADDR
                0x00000000080025e0                sendhalfbyte
                0x0000000008002628                sendbyte
                0x0000000008002664                sendcharlcd
                0x000000000800266c                setpos
                0x00000000080026b0                lcd_init
                0x000000000800273c                clearlcd
                0x0000000008002754                str_lcd
                0x000000000800276c                createChar
 .text          0x0000000008002794       0x80 /tmp/ccTzhxH8.o
                0x0000000008002794                _delay_ms
                0x00000000080027c8                _delay_us
                0x00000000080027fc                get_cpuFreq
 .text          0x0000000008002814       0xb0 /tmp/cccA7ppx.o
                0x0000000008002814                put32b
                0x000000000800287c                make32b
                0x0000000008002898                buzzerInit
 .text          0x00000000080028c4      0x19c /tmp/ccK4UqRW.o
                0x00000000080028e4                USART_init
                0x0000000008002974                USART1_IRQHandler
                0x0000000008002a00                packetHandler
                0x0000000008002a10                processPacket
                0x0000000008002a38                USART_SendString
 .text          0x0000000008002a60       0x38 /tmp/ccFw5CCm.o
                0x0000000008002a60                _sbrk
                0x0000000008002a7c                link
                0x0000000008002a84                _fstat
                0x0000000008002a90                _read
                0x0000000008002a94                _write
 .text          0x0000000008002a98      0x378 /home/alpagut/gcc-arm-none-eabi-8-2019-q3-update/bin/../lib/gcc/arm-none-eabi/8.3.1/thumb/v7-m/nofp/libgcc.a(_arm_addsubdf3.o)
                0x0000000008002a98                __aeabi_drsub
                0x0000000008002aa0                __aeabi_dsub
                0x0000000008002aa0                __subdf3
                0x0000000008002aa4                __adddf3
                0x0000000008002aa4                __aeabi_dadd
                0x0000000008002d1c                __aeabi_ui2d
                0x0000000008002d1c                __floatunsidf
                0x0000000008002d3c                __floatsidf
                0x0000000008002d3c                __aeabi_i2d
                0x0000000008002d60                __extendsfdf2
                0x0000000008002d60                __aeabi_f2d
                0x0000000008002da4                __aeabi_ul2d
                0x0000000008002da4                __floatundidf
                0x0000000008002db4                __floatdidf
                0x0000000008002db4                __aeabi_l2d
 .text          0x0000000008002e10      0x424 /home/alpagut/gcc-arm-none-eabi-8-2019-q3-update/bin/../lib/gcc/arm-none-eabi/8.3.1/thumb/v7-m/nofp/libgcc.a(_arm_muldivdf3.o)
                0x0000000008002e10                __aeabi_dmul
                0x0000000008002e10                __muldf3
                0x0000000008003064                __aeabi_ddiv
                0x0000000008003064                __divdf3
 .text          0x0000000008003234      0x110 /home/alpagut/gcc-arm-none-eabi-8-2019-q3-update/bin/../lib/gcc/arm-none-eabi/8.3.1/thumb/v7-m/nofp/libgcc.a(_arm_cmpdf2.o)
                0x0000000008003234                __gtdf2
                0x0000000008003234                __gedf2
                0x000000000800323c                __ltdf2
                0x000000000800323c                __ledf2
                0x0000000008003244                __cmpdf2
                0x0000000008003244                __eqdf2
                0x0000000008003244                __nedf2
                0x00000000080032c0                __aeabi_cdrcmple
                0x00000000080032d0                __aeabi_cdcmple
                0x00000000080032d0                __aeabi_cdcmpeq
                0x00000000080032e0                __aeabi_dcmpeq
                0x00000000080032f4                __aeabi_dcmplt
                0x0000000008003308                __aeabi_dcmple
                0x000000000800331c                __aeabi_dcmpge
                0x0000000008003330                __aeabi_dcmpgt
 .text          0x0000000008003344       0x50 /home/alpagut/gcc-arm-none-eabi-8-2019-q3-update/bin/../lib/gcc/arm-none-eabi/8.3.1/thumb/v7-m/nofp/libgcc.a(_arm_fixdfsi.o)
                0x0000000008003344                __fixdfsi
                0x0000000008003344                __aeabi_d2iz
 .text          0x0000000008003394       0x40 /home/alpagut/gcc-arm-none-eabi-8-2019-q3-update/bin/../lib/gcc/arm-none-eabi/8.3.1/thumb/v7-m/nofp/libgcc.a(_arm_fixunsdfsi.o)
                0x0000000008003394                __fixunsdfsi
                0x0000000008003394                __aeabi_d2uiz
 *(.text*)
 .text.__libc_init_array
                0x00000000080033d4       0x48 /home/alpagut/gcc-arm-none-eabi-8-2019-q3-update/bin/../lib/gcc/arm-none-eabi/8.3.1/../../../../arm-none-eabi/lib/thumb/v7-m/nofp/libc_nano.a(lib_a-init.o)
                0x00000000080033d4                __libc_init_array
 *fill*         0x000000000800341c        0x4 
 .text.startup  0x0000000008003420      0x198 /tmp/cc49dUAw.o
                0x0000000008003420                main
 .text.Reset_Handler
                0x00000000080035b8       0x48 /tmp/ccdZwnrM.o
                0x00000000080035b8                Reset_Handler
 .text.Default_Handler
                0x0000000008003600        0x2 /tmp/ccdZwnrM.o
                0x0000000008003600                EXTI2_IRQHandler
                0x0000000008003600                DebugMon_Handler
                0x0000000008003600                TIM1_CC_IRQHandler
                0x0000000008003600                HardFault_Handler
                0x0000000008003600                SysTick_Handler
                0x0000000008003600                PVD_IRQHandler
                0x0000000008003600                PendSV_Handler
                0x0000000008003600                NMI_Handler
                0x0000000008003600                EXTI3_IRQHandler
                0x0000000008003600                EXTI0_IRQHandler
                0x0000000008003600                I2C2_EV_IRQHandler
                0x0000000008003600                UsageFault_Handler
                0x0000000008003600                ADC1_2_IRQHandler
                0x0000000008003600                SPI1_IRQHandler
                0x0000000008003600                TAMPER_IRQHandler
                0x0000000008003600                DMA1_Channel4_IRQHandler
                0x0000000008003600                USART3_IRQHandler
                0x0000000008003600                RTC_IRQHandler
                0x0000000008003600                DMA1_Channel7_IRQHandler
                0x0000000008003600                CAN1_RX1_IRQHandler
                0x0000000008003600                I2C1_EV_IRQHandler
                0x0000000008003600                DMA1_Channel6_IRQHandler
                0x0000000008003600                TIM3_IRQHandler
                0x0000000008003600                RCC_IRQHandler
                0x0000000008003600                TIM1_TRG_COM_IRQHandler
                0x0000000008003600                DMA1_Channel1_IRQHandler
                0x0000000008003600                Default_Handler
                0x0000000008003600                EXTI15_10_IRQHandler
                0x0000000008003600                EXTI9_5_IRQHandler
                0x0000000008003600                SPI2_IRQHandler
                0x0000000008003600                MemManage_Handler
                0x0000000008003600                SVC_Handler
                0x0000000008003600                DMA1_Channel5_IRQHandler
                0x0000000008003600                EXTI4_IRQHandler
                0x0000000008003600                USB_LP_CAN1_RX0_IRQHandler
                0x0000000008003600                USB_HP_CAN1_TX_IRQHandler
                0x0000000008003600                DMA1_Channel3_IRQHandler
                0x0000000008003600                TIM1_UP_IRQHandler
                0x0000000008003600                WWDG_IRQHandler
                0x0000000008003600                TIM2_IRQHandler
                0x0000000008003600                TIM1_BRK_IRQHandler
                0x0000000008003600                EXTI1_IRQHandler
                0x0000000008003600                RTCAlarm_IRQHandler
                0x0000000008003600                USART2_IRQHandler
                0x0000000008003600                I2C2_ER_IRQHandler
                0x0000000008003600                DMA1_Channel2_IRQHandler
                0x0000000008003600                CAN1_SCE_IRQHandler
                0x0000000008003600                FLASH_IRQHandler
                0x0000000008003600                BusFault_Handler
                0x0000000008003600                I2C1_ER_IRQHandler
                0x0000000008003600                USBWakeUp_IRQHandler
 *fill*         0x0000000008003602        0x2 
 .text.sprintf  0x0000000008003604       0x40 /home/alpagut/gcc-arm-none-eabi-8-2019-q3-update/bin/../lib/gcc/arm-none-eabi/8.3.1/../../../../arm-none-eabi/lib/thumb/v7-m/nofp/libg_nano.a(lib_a-sprintf.o)
                0x0000000008003604                sprintf
                0x0000000008003604                siprintf
 .text.__ssputs_r
                0x0000000008003644       0xb6 /home/alpagut/gcc-arm-none-eabi-8-2019-q3-update/bin/../lib/gcc/arm-none-eabi/8.3.1/../../../../arm-none-eabi/lib/thumb/v7-m/nofp/libg_nano.a(lib_a-nano-svfprintf.o)
                0x0000000008003644                __ssputs_r
 *fill*         0x00000000080036fa        0x2 
 .text._svfprintf_r
                0x00000000080036fc      0x1f0 /home/alpagut/gcc-arm-none-eabi-8-2019-q3-update/bin/../lib/gcc/arm-none-eabi/8.3.1/../../../../arm-none-eabi/lib/thumb/v7-m/nofp/libg_nano.a(lib_a-nano-svfprintf.o)
                0x00000000080036fc                _svfprintf_r
                0x00000000080036fc                _svfiprintf_r
 .text._printf_common
                0x00000000080038ec       0xec /home/alpagut/gcc-arm-none-eabi-8-2019-q3-update/bin/../lib/gcc/arm-none-eabi/8.3.1/../../../../arm-none-eabi/lib/thumb/v7-m/nofp/libg_nano.a(lib_a-nano-vfprintf_i.o)
                0x00000000080038ec                _printf_common
 .text._printf_i
                0x00000000080039d8      0x22c /home/alpagut/gcc-arm-none-eabi-8-2019-q3-update/bin/../lib/gcc/arm-none-eabi/8.3.1/../../../../arm-none-eabi/lib/thumb/v7-m/nofp/libg_nano.a(lib_a-nano-vfprintf_i.o)
                0x00000000080039d8                _printf_i
 .text.memchr   0x0000000008003c04       0x1c /home/alpagut/gcc-arm-none-eabi-8-2019-q3-update/bin/../lib/gcc/arm-none-eabi/8.3.1/../../../../arm-none-eabi/lib/thumb/v7-m/nofp/libg_nano.a(lib_a-memchr-stub.o)
                0x0000000008003c04                memchr
 .text.memcpy   0x0000000008003c20       0x1c /home/alpagut/gcc-arm-none-eabi-8-2019-q3-update/bin/../lib/gcc/arm-none-eabi/8.3.1/../../../../arm-none-eabi/lib/thumb/v7-m/nofp/libg_nano.a(lib_a-memcpy-stub.o)
                0x0000000008003c20                memcpy
 .text.memmove  0x0000000008003c3c       0x34 /home/alpagut/gcc-arm-none-eabi-8-2019-q3-update/bin/../lib/gcc/arm-none-eabi/8.3.1/../../../../arm-none-eabi/lib/thumb/v7-m/nofp/libg_nano.a(lib_a-memmove.o)
                0x0000000008003c3c                memmove
 .text._free_r  0x0000000008003c70       0x98 /home/alpagut/gcc-arm-none-eabi-8-2019-q3-update/bin/../lib/gcc/arm-none-eabi/8.3.1/../../../../arm-none-eabi/lib/thumb/v7-m/nofp/libg_nano.a(lib_a-nano-freer.o)
                0x0000000008003c70                _free_r
 .text._malloc_r
                0x0000000008003d08       0xb4 /home/alpagut/gcc-arm-none-eabi-8-2019-q3-update/bin/../lib/gcc/arm-none-eabi/8.3.1/../../../../arm-none-eabi/lib/thumb/v7-m/nofp/libg_nano.a(lib_a-nano-mallocr.o)
                0x0000000008003d08                _malloc_r
 .text._realloc_r
                0x0000000008003dbc       0x4c /home/alpagut/gcc-arm-none-eabi-8-2019-q3-update/bin/../lib/gcc/arm-none-eabi/8.3.1/../../../../arm-none-eabi/lib/thumb/v7-m/nofp/libg_nano.a(lib_a-nano-reallocr.o)
                0x0000000008003dbc                _realloc_r
 .text._sbrk_r  0x0000000008003e08       0x20 /home/alpagut/gcc-arm-none-eabi-8-2019-q3-update/bin/../lib/gcc/arm-none-eabi/8.3.1/../../../../arm-none-eabi/lib/thumb/v7-m/nofp/libg_nano.a(lib_a-sbrkr.o)
                0x0000000008003e08                _sbrk_r
 .text.__malloc_lock
                0x0000000008003e28        0xc /home/alpagut/gcc-arm-none-eabi-8-2019-q3-update/bin/../lib/gcc/arm-none-eabi/8.3.1/../../../../arm-none-eabi/lib/thumb/v7-m/nofp/libg_nano.a(lib_a-mlock.o)
                0x0000000008003e28                __malloc_lock
 .text.__malloc_unlock
                0x0000000008003e34        0xc /home/alpagut/gcc-arm-none-eabi-8-2019-q3-update/bin/../lib/gcc/arm-none-eabi/8.3.1/../../../../arm-none-eabi/lib/thumb/v7-m/nofp/libg_nano.a(lib_a-mlock.o)
                0x0000000008003e34                __malloc_unlock
 .text._malloc_usable_size_r
                0x0000000008003e40       0x10 /home/alpagut/gcc-arm-none-eabi-8-2019-q3-update/bin/../lib/gcc/arm-none-eabi/8.3.1/../../../../arm-none-eabi/lib/thumb/v7-m/nofp/libg_nano.a(lib_a-nano-msizer.o)
                0x0000000008003e40                _malloc_usable_size_r
 .text.__retarget_lock_acquire_recursive
                0x0000000008003e50        0x2 /home/alpagut/gcc-arm-none-eabi-8-2019-q3-update/bin/../lib/gcc/arm-none-eabi/8.3.1/../../../../arm-none-eabi/lib/thumb/v7-m/nofp/libg_nano.a(lib_a-lock.o)
                0x0000000008003e50                __retarget_lock_acquire_recursive
 .text.__retarget_lock_release_recursive
                0x0000000008003e52        0x2 /home/alpagut/gcc-arm-none-eabi-8-2019-q3-update/bin/../lib/gcc/arm-none-eabi/8.3.1/../../../../arm-none-eabi/lib/thumb/v7-m/nofp/libg_nano.a(lib_a-lock.o)
                0x0000000008003e52                __retarget_lock_release_recursive
 *(.rodata)
 *(.rodata*)
 .rodata.str1.4
                0x0000000008003e54       0x18 /tmp/cc49dUAw.o
                                         0x15 (size before relaxing)
 .rodata._svfprintf_r.str1.1
                0x0000000008003e6c       0x11 /home/alpagut/gcc-arm-none-eabi-8-2019-q3-update/bin/../lib/gcc/arm-none-eabi/8.3.1/../../../../arm-none-eabi/lib/thumb/v7-m/nofp/libg_nano.a(lib_a-nano-svfprintf.o)
 .rodata._printf_i.str1.1
                0x0000000008003e7d       0x22 /home/alpagut/gcc-arm-none-eabi-8-2019-q3-update/bin/../lib/gcc/arm-none-eabi/8.3.1/../../../../arm-none-eabi/lib/thumb/v7-m/nofp/libg_nano.a(lib_a-nano-vfprintf_i.o)
 *fill*         0x0000000008003e9f        0x1 
 .rodata.__sf_fake_stderr
                0x0000000008003ea0       0x20 /home/alpagut/gcc-arm-none-eabi-8-2019-q3-update/bin/../lib/gcc/arm-none-eabi/8.3.1/../../../../arm-none-eabi/lib/thumb/v7-m/nofp/libc_nano.a(lib_a-findfp.o)
                0x0000000008003ea0                __sf_fake_stderr
 .rodata.__sf_fake_stdin
                0x0000000008003ec0       0x20 /home/alpagut/gcc-arm-none-eabi-8-2019-q3-update/bin/../lib/gcc/arm-none-eabi/8.3.1/../../../../arm-none-eabi/lib/thumb/v7-m/nofp/libc_nano.a(lib_a-findfp.o)
                0x0000000008003ec0                __sf_fake_stdin
 .rodata.__sf_fake_stdout
                0x0000000008003ee0       0x20 /home/alpagut/gcc-arm-none-eabi-8-2019-q3-update/bin/../lib/gcc/arm-none-eabi/8.3.1/../../../../arm-none-eabi/lib/thumb/v7-m/nofp/libc_nano.a(lib_a-findfp.o)
                0x0000000008003ee0                __sf_fake_stdout
 *(.glue_7)
 .glue_7        0x0000000008003f00        0x0 linker stubs
 *(.glue_7t)
 .glue_7t       0x0000000008003f00        0x0 linker stubs
 *(.init)
 .init          0x0000000008003f00        0x4 /home/alpagut/gcc-arm-none-eabi-8-2019-q3-update/bin/../lib/gcc/arm-none-eabi/8.3.1/thumb/v7-m/nofp/crti.o
                0x0000000008003f00                _init
 .init          0x0000000008003f04        0x8 /home/alpagut/gcc-arm-none-eabi-8-2019-q3-update/bin/../lib/gcc/arm-none-eabi/8.3.1/thumb/v7-m/nofp/crtn.o
 *(.fini)
 .fini          0x0000000008003f0c        0x4 /home/alpagut/gcc-arm-none-eabi-8-2019-q3-update/bin/../lib/gcc/arm-none-eabi/8.3.1/thumb/v7-m/nofp/crti.o
                0x0000000008003f0c                _fini
 .fini          0x0000000008003f10        0x8 /home/alpagut/gcc-arm-none-eabi-8-2019-q3-update/bin/../lib/gcc/arm-none-eabi/8.3.1/thumb/v7-m/nofp/crtn.o
                0x0000000008003f18                . = ALIGN (0x4)
                0x0000000008003f18                _etext = .

.vfp11_veneer   0x0000000008003f18        0x0
 .vfp11_veneer  0x0000000008003f18        0x0 linker stubs

.v4_bx          0x0000000008003f18        0x0
 .v4_bx         0x0000000008003f18        0x0 linker stubs

.iplt           0x0000000008003f18        0x0
 .iplt          0x0000000008003f18        0x0 /home/alpagut/gcc-arm-none-eabi-8-2019-q3-update/bin/../lib/gcc/arm-none-eabi/8.3.1/thumb/v7-m/nofp/crtbegin.o

.rel.dyn        0x0000000008003f18        0x0
 .rel.iplt      0x0000000008003f18        0x0 /home/alpagut/gcc-arm-none-eabi-8-2019-q3-update/bin/../lib/gcc/arm-none-eabi/8.3.1/thumb/v7-m/nofp/crtbegin.o

.ARM.extab
 *(.ARM.extab* .gnu.linkonce.armextab.*)

.ARM            0x0000000008003f18        0x0
                0x0000000008003f18                __exidx_start = .
 *(.ARM.exidx*)
                0x0000000008003f18                __exidx_end = .

.ARM.attributes
                0x0000000008003f18       0x29
 *(.ARM.attributes)
 .ARM.attributes
                0x0000000008003f18       0x1d /home/alpagut/gcc-arm-none-eabi-8-2019-q3-update/bin/../lib/gcc/arm-none-eabi/8.3.1/thumb/v7-m/nofp/crti.o
 .ARM.attributes
                0x0000000008003f35       0x2d /home/alpagut/gcc-arm-none-eabi-8-2019-q3-update/bin/../lib/gcc/arm-none-eabi/8.3.1/thumb/v7-m/nofp/crtbegin.o
 .ARM.attributes
                0x0000000008003f62       0x2d /home/alpagut/gcc-arm-none-eabi-8-2019-q3-update/bin/../lib/gcc/arm-none-eabi/8.3.1/../../../../arm-none-eabi/lib/thumb/v7-m/nofp/libc_nano.a(lib_a-impure.o)
 .ARM.attributes
                0x0000000008003f8f       0x2d /home/alpagut/gcc-arm-none-eabi-8-2019-q3-update/bin/../lib/gcc/arm-none-eabi/8.3.1/../../../../arm-none-eabi/lib/thumb/v7-m/nofp/libc_nano.a(lib_a-init.o)
 .ARM.attributes
                0x0000000008003fbc       0x2d /tmp/cc49dUAw.o
 .ARM.attributes
                0x0000000008003fe9       0x2d /tmp/cc5X13yw.o
 .ARM.attributes
                0x0000000008004016       0x2d /tmp/cckooa4x.o
 .ARM.attributes
                0x0000000008004043       0x2d /tmp/cc57dXfv.o
 .ARM.attributes
                0x0000000008004070       0x2d /tmp/ccKe7fUF.o
 .ARM.attributes
                0x000000000800409d       0x2d /tmp/ccUSQ0pf.o
 .ARM.attributes
                0x00000000080040ca       0x2d /tmp/cc7NOXgi.o
 .ARM.attributes
                0x00000000080040f7       0x2d /tmp/ccMo7s3D.o
 .ARM.attributes
                0x0000000008004124       0x2d /tmp/ccg4bJYm.o
 .ARM.attributes
                0x0000000008004151       0x2d /tmp/ccuKGNAK.o
 .ARM.attributes
                0x000000000800417e       0x2d /tmp/ccTzhxH8.o
 .ARM.attributes
                0x00000000080041ab       0x2d /tmp/cccA7ppx.o
 .ARM.attributes
                0x00000000080041d8       0x2d /tmp/ccK4UqRW.o
 .ARM.attributes
                0x0000000008004205       0x2d /tmp/ccFw5CCm.o
 .ARM.attributes
                0x0000000008004232       0x21 /tmp/ccdZwnrM.o
 .ARM.attributes
                0x0000000008004253       0x1d /home/alpagut/gcc-arm-none-eabi-8-2019-q3-update/bin/../lib/gcc/arm-none-eabi/8.3.1/thumb/v7-m/nofp/libgcc.a(_arm_addsubdf3.o)
 .ARM.attributes
                0x0000000008004270       0x1d /home/alpagut/gcc-arm-none-eabi-8-2019-q3-update/bin/../lib/gcc/arm-none-eabi/8.3.1/thumb/v7-m/nofp/libgcc.a(_arm_muldivdf3.o)
 .ARM.attributes
                0x000000000800428d       0x1d /home/alpagut/gcc-arm-none-eabi-8-2019-q3-update/bin/../lib/gcc/arm-none-eabi/8.3.1/thumb/v7-m/nofp/libgcc.a(_arm_cmpdf2.o)
 .ARM.attributes
                0x00000000080042aa       0x1d /home/alpagut/gcc-arm-none-eabi-8-2019-q3-update/bin/../lib/gcc/arm-none-eabi/8.3.1/thumb/v7-m/nofp/libgcc.a(_arm_fixdfsi.o)
 .ARM.attributes
                0x00000000080042c7       0x1d /home/alpagut/gcc-arm-none-eabi-8-2019-q3-update/bin/../lib/gcc/arm-none-eabi/8.3.1/thumb/v7-m/nofp/libgcc.a(_arm_fixunsdfsi.o)
 .ARM.attributes
                0x00000000080042e4       0x2d /home/alpagut/gcc-arm-none-eabi-8-2019-q3-update/bin/../lib/gcc/arm-none-eabi/8.3.1/../../../../arm-none-eabi/lib/thumb/v7-m/nofp/libg_nano.a(lib_a-sprintf.o)
 .ARM.attributes
                0x0000000008004311       0x2d /home/alpagut/gcc-arm-none-eabi-8-2019-q3-update/bin/../lib/gcc/arm-none-eabi/8.3.1/../../../../arm-none-eabi/lib/thumb/v7-m/nofp/libg_nano.a(lib_a-nano-svfprintf.o)
 .ARM.attributes
                0x000000000800433e       0x2d /home/alpagut/gcc-arm-none-eabi-8-2019-q3-update/bin/../lib/gcc/arm-none-eabi/8.3.1/../../../../arm-none-eabi/lib/thumb/v7-m/nofp/libg_nano.a(lib_a-nano-vfprintf_i.o)
 .ARM.attributes
                0x000000000800436b       0x2d /home/alpagut/gcc-arm-none-eabi-8-2019-q3-update/bin/../lib/gcc/arm-none-eabi/8.3.1/../../../../arm-none-eabi/lib/thumb/v7-m/nofp/libg_nano.a(lib_a-memchr-stub.o)
 .ARM.attributes
                0x0000000008004398       0x2d /home/alpagut/gcc-arm-none-eabi-8-2019-q3-update/bin/../lib/gcc/arm-none-eabi/8.3.1/../../../../arm-none-eabi/lib/thumb/v7-m/nofp/libg_nano.a(lib_a-memcpy-stub.o)
 .ARM.attributes
                0x00000000080043c5       0x2d /home/alpagut/gcc-arm-none-eabi-8-2019-q3-update/bin/../lib/gcc/arm-none-eabi/8.3.1/../../../../arm-none-eabi/lib/thumb/v7-m/nofp/libg_nano.a(lib_a-memmove.o)
 .ARM.attributes
                0x00000000080043f2       0x2d /home/alpagut/gcc-arm-none-eabi-8-2019-q3-update/bin/../lib/gcc/arm-none-eabi/8.3.1/../../../../arm-none-eabi/lib/thumb/v7-m/nofp/libg_nano.a(lib_a-nano-freer.o)
 .ARM.attributes
                0x000000000800441f       0x2d /home/alpagut/gcc-arm-none-eabi-8-2019-q3-update/bin/../lib/gcc/arm-none-eabi/8.3.1/../../../../arm-none-eabi/lib/thumb/v7-m/nofp/libg_nano.a(lib_a-nano-mallocr.o)
 .ARM.attributes
                0x000000000800444c       0x2d /home/alpagut/gcc-arm-none-eabi-8-2019-q3-update/bin/../lib/gcc/arm-none-eabi/8.3.1/../../../../arm-none-eabi/lib/thumb/v7-m/nofp/libg_nano.a(lib_a-nano-reallocr.o)
 .ARM.attributes
                0x0000000008004479       0x2d /home/alpagut/gcc-arm-none-eabi-8-2019-q3-update/bin/../lib/gcc/arm-none-eabi/8.3.1/../../../../arm-none-eabi/lib/thumb/v7-m/nofp/libg_nano.a(lib_a-sbrkr.o)
 .ARM.attributes
                0x00000000080044a6       0x2d /home/alpagut/gcc-arm-none-eabi-8-2019-q3-update/bin/../lib/gcc/arm-none-eabi/8.3.1/../../../../arm-none-eabi/lib/thumb/v7-m/nofp/libg_nano.a(lib_a-mlock.o)
 .ARM.attributes
                0x00000000080044d3       0x2d /home/alpagut/gcc-arm-none-eabi-8-2019-q3-update/bin/../lib/gcc/arm-none-eabi/8.3.1/../../../../arm-none-eabi/lib/thumb/v7-m/nofp/libg_nano.a(lib_a-nano-msizer.o)
 .ARM.attributes
                0x0000000008004500       0x2d /home/alpagut/gcc-arm-none-eabi-8-2019-q3-update/bin/../lib/gcc/arm-none-eabi/8.3.1/../../../../arm-none-eabi/lib/thumb/v7-m/nofp/libg_nano.a(lib_a-reent.o)
 .ARM.attributes
                0x000000000800452d       0x2d /home/alpagut/gcc-arm-none-eabi-8-2019-q3-update/bin/../lib/gcc/arm-none-eabi/8.3.1/../../../../arm-none-eabi/lib/thumb/v7-m/nofp/libg_nano.a(lib_a-lock.o)
 .ARM.attributes
                0x000000000800455a       0x2d /home/alpagut/gcc-arm-none-eabi-8-2019-q3-update/bin/../lib/gcc/arm-none-eabi/8.3.1/../../../../arm-none-eabi/lib/thumb/v7-m/nofp/libc_nano.a(lib_a-findfp.o)
 .ARM.attributes
                0x0000000008004587       0x1d /home/alpagut/gcc-arm-none-eabi-8-2019-q3-update/bin/../lib/gcc/arm-none-eabi/8.3.1/thumb/v7-m/nofp/crtn.o

.preinit_array  0x0000000008003f18        0x0
                0x0000000008003f18                PROVIDE (__preinit_array_start = .)
 *(.preinit_array*)
                0x0000000008003f18                PROVIDE (__preinit_array_end = .)

.init_array     0x0000000008003f18        0x4
                0x0000000008003f18                PROVIDE (__init_array_start = .)
 *(SORT_BY_NAME(.init_array.*))
 *(.init_array*)
 .init_array    0x0000000008003f18        0x4 /home/alpagut/gcc-arm-none-eabi-8-2019-q3-update/bin/../lib/gcc/arm-none-eabi/8.3.1/thumb/v7-m/nofp/crtbegin.o
                0x0000000008003f1c                PROVIDE (__init_array_end = .)

.fini_array     0x0000000008003f1c        0x4
                [!provide]                        PROVIDE (__fini_array_start = .)
 *(.fini_array*)
 .fini_array    0x0000000008003f1c        0x4 /home/alpagut/gcc-arm-none-eabi-8-2019-q3-update/bin/../lib/gcc/arm-none-eabi/8.3.1/thumb/v7-m/nofp/crtbegin.o
 *(SORT_BY_NAME(.fini_array.*))
                [!provide]                        PROVIDE (__fini_array_end = .)
                0x0000000008003f20                _sidata = .

.data           0x0000000020000000       0xb4 load address 0x0000000008003f20
                0x0000000020000000                . = ALIGN (0x4)
                0x0000000020000000                _sdata = .
 *(.data)
 .data          0x0000000020000000       0x20 /tmp/cc49dUAw.o
                0x0000000020000000                Setpoint
                0x0000000020000008                outMax
                0x0000000020000010                outMin
                0x0000000020000018                kp
 .data          0x0000000020000020       0x14 /tmp/cc5X13yw.o
                0x0000000020000020                AHBPrescTable
                0x0000000020000030                SystemCoreClock
 .data          0x0000000020000034       0x14 /tmp/ccUSQ0pf.o
 .data          0x0000000020000048        0x5 /tmp/ccK4UqRW.o
                0x0000000020000048                deneme
                0x000000002000004c                timeoutCnt
 *(.data*)
 *fill*         0x000000002000004d        0x3 
 .data._impure_ptr
                0x0000000020000050        0x4 /home/alpagut/gcc-arm-none-eabi-8-2019-q3-update/bin/../lib/gcc/arm-none-eabi/8.3.1/../../../../arm-none-eabi/lib/thumb/v7-m/nofp/libc_nano.a(lib_a-impure.o)
                0x0000000020000050                _impure_ptr
 .data.impure_data
                0x0000000020000054       0x60 /home/alpagut/gcc-arm-none-eabi-8-2019-q3-update/bin/../lib/gcc/arm-none-eabi/8.3.1/../../../../arm-none-eabi/lib/thumb/v7-m/nofp/libc_nano.a(lib_a-impure.o)
                0x00000000200000b4                . = ALIGN (0x4)
                0x00000000200000b4                _edata = .

.igot.plt       0x00000000200000b4        0x0 load address 0x0000000008003fd4
 .igot.plt      0x00000000200000b4        0x0 /home/alpagut/gcc-arm-none-eabi-8-2019-q3-update/bin/../lib/gcc/arm-none-eabi/8.3.1/thumb/v7-m/nofp/crtbegin.o
                0x00000000200000b4                . = ALIGN (0x4)

.bss            0x00000000200000b8      0x128 load address 0x0000000008003fd8
                0x00000000200000b8                _sbss = .
                0x00000000200000b8                __bss_start__ = _sbss
 *(.bss)
 .bss           0x00000000200000b8       0x1c /home/alpagut/gcc-arm-none-eabi-8-2019-q3-update/bin/../lib/gcc/arm-none-eabi/8.3.1/thumb/v7-m/nofp/crtbegin.o
 *fill*         0x00000000200000d4        0x4 
 .bss           0x00000000200000d8       0x30 /tmp/cc49dUAw.o
                0x00000000200000d8                error
                0x00000000200000e0                ITerm
                0x00000000200000e8                ki
                0x00000000200000f0                lastErr
                0x00000000200000f8                kd
                0x0000000020000100                DTerm
 .bss           0x0000000020000108        0x1 /tmp/ccuKGNAK.o
                0x0000000020000108                portlcd
 .bss           0x0000000020000109        0x1 /tmp/ccK4UqRW.o
                0x0000000020000109                newMessageFlag
 *fill*         0x000000002000010a        0x2 
 .bss           0x000000002000010c        0x4 /tmp/ccFw5CCm.o
 *(.bss*)
 .bss.__malloc_free_list
                0x0000000020000110        0x4 /home/alpagut/gcc-arm-none-eabi-8-2019-q3-update/bin/../lib/gcc/arm-none-eabi/8.3.1/../../../../arm-none-eabi/lib/thumb/v7-m/nofp/libg_nano.a(lib_a-nano-mallocr.o)
                0x0000000020000110                __malloc_free_list
 .bss.__malloc_sbrk_start
                0x0000000020000114        0x4 /home/alpagut/gcc-arm-none-eabi-8-2019-q3-update/bin/../lib/gcc/arm-none-eabi/8.3.1/../../../../arm-none-eabi/lib/thumb/v7-m/nofp/libg_nano.a(lib_a-nano-mallocr.o)
                0x0000000020000114                __malloc_sbrk_start
 *(COMMON)
 COMMON         0x0000000020000118       0x50 /tmp/cc49dUAw.o
                0x0000000020000118                TIM_Pulse
                0x000000002000011c                buffer2
                0x0000000020000130                Output
                0x0000000020000138                rem
                0x0000000020000140                buffer
                0x0000000020000158                errorSum
                0x0000000020000160                Input
 COMMON         0x0000000020000168       0x65 /tmp/ccK4UqRW.o
                0x0000000020000168                packetbuffer
                0x00000000200001cc                packetbufferIndex
 *fill*         0x00000000200001cd        0x3 
 COMMON         0x00000000200001d0        0x4 /home/alpagut/gcc-arm-none-eabi-8-2019-q3-update/bin/../lib/gcc/arm-none-eabi/8.3.1/../../../../arm-none-eabi/lib/thumb/v7-m/nofp/libg_nano.a(lib_a-reent.o)
                0x00000000200001d0                errno
 COMMON         0x00000000200001d4        0x9 /home/alpagut/gcc-arm-none-eabi-8-2019-q3-update/bin/../lib/gcc/arm-none-eabi/8.3.1/../../../../arm-none-eabi/lib/thumb/v7-m/nofp/libg_nano.a(lib_a-lock.o)
                0x00000000200001d4                __lock___atexit_recursive_mutex
                0x00000000200001d5                __lock___arc4random_mutex
                0x00000000200001d6                __lock___env_recursive_mutex
                0x00000000200001d7                __lock___sinit_recursive_mutex
                0x00000000200001d8                __lock___malloc_recursive_mutex
                0x00000000200001d9                __lock___at_quick_exit_mutex
                0x00000000200001da                __lock___dd_hash_mutex
                0x00000000200001db                __lock___tz_mutex
                0x00000000200001dc                __lock___sfp_recursive_mutex
                0x00000000200001e0                . = ALIGN (0x4)
 *fill*         0x00000000200001dd        0x3 
                0x00000000200001e0                _ebss = .
                0x00000000200001e0                __bss_end__ = _ebss
                0x00000000200001e0                PROVIDE (end = _ebss)
                0x00000000200001e0                PROVIDE (_end = _ebss)

._user_heap_stack
                0x00000000200001e0      0x100 load address 0x0000000008004100
                0x00000000200001e0                . = ALIGN (0x4)
                0x00000000200001e0                . = (. + _Min_Heap_Size)
                0x00000000200002e0                . = (. + _Min_Stack_Size)
 *fill*         0x00000000200001e0      0x100 
                0x00000000200002e0                . = ALIGN (0x4)

.memory_b1_text
 *(.mb1text)
 *(.mb1text*)
 *(.mb1rodata)
 *(.mb1rodata*)

/DISCARD/
 libc.a(*)
 libm.a(*)
 libgcc.a(*)
OUTPUT(heat.elf elf32-littlearm)

.debug_frame    0x0000000000000000     0x1ef0
 .debug_frame   0x0000000000000000       0x2c /home/alpagut/gcc-arm-none-eabi-8-2019-q3-update/bin/../lib/gcc/arm-none-eabi/8.3.1/../../../../arm-none-eabi/lib/thumb/v7-m/nofp/libc_nano.a(lib_a-init.o)
 .debug_frame   0x000000000000002c       0xbc /tmp/cc49dUAw.o
 .debug_frame   0x00000000000000e8       0x48 /tmp/cc5X13yw.o
 .debug_frame   0x0000000000000130      0x2c0 /tmp/cckooa4x.o
 .debug_frame   0x00000000000003f0      0x1b0 /tmp/cc57dXfv.o
 .debug_frame   0x00000000000005a0      0x26c /tmp/ccKe7fUF.o
 .debug_frame   0x000000000000080c      0x228 /tmp/ccUSQ0pf.o
 .debug_frame   0x0000000000000a34      0x76c /tmp/cc7NOXgi.o
 .debug_frame   0x00000000000011a0      0x258 /tmp/ccMo7s3D.o
 .debug_frame   0x00000000000013f8       0x7c /tmp/ccg4bJYm.o
 .debug_frame   0x0000000000001474      0x120 /tmp/ccuKGNAK.o
 .debug_frame   0x0000000000001594       0x6c /tmp/ccTzhxH8.o
 .debug_frame   0x0000000000001600       0x70 /tmp/cccA7ppx.o
 .debug_frame   0x0000000000001670       0xbc /tmp/ccK4UqRW.o
 .debug_frame   0x000000000000172c       0x70 /tmp/ccFw5CCm.o
 .debug_frame   0x000000000000179c       0xac /home/alpagut/gcc-arm-none-eabi-8-2019-q3-update/bin/../lib/gcc/arm-none-eabi/8.3.1/thumb/v7-m/nofp/libgcc.a(_arm_addsubdf3.o)
 .debug_frame   0x0000000000001848       0x50 /home/alpagut/gcc-arm-none-eabi-8-2019-q3-update/bin/../lib/gcc/arm-none-eabi/8.3.1/thumb/v7-m/nofp/libgcc.a(_arm_muldivdf3.o)
 .debug_frame   0x0000000000001898       0xc4 /home/alpagut/gcc-arm-none-eabi-8-2019-q3-update/bin/../lib/gcc/arm-none-eabi/8.3.1/thumb/v7-m/nofp/libgcc.a(_arm_cmpdf2.o)
 .debug_frame   0x000000000000195c       0x24 /home/alpagut/gcc-arm-none-eabi-8-2019-q3-update/bin/../lib/gcc/arm-none-eabi/8.3.1/thumb/v7-m/nofp/libgcc.a(_arm_fixdfsi.o)
 .debug_frame   0x0000000000001980       0x24 /home/alpagut/gcc-arm-none-eabi-8-2019-q3-update/bin/../lib/gcc/arm-none-eabi/8.3.1/thumb/v7-m/nofp/libgcc.a(_arm_fixunsdfsi.o)
 .debug_frame   0x00000000000019a4       0x6c /home/alpagut/gcc-arm-none-eabi-8-2019-q3-update/bin/../lib/gcc/arm-none-eabi/8.3.1/../../../../arm-none-eabi/lib/thumb/v7-m/nofp/libg_nano.a(lib_a-sprintf.o)
 .debug_frame   0x0000000000001a10       0x90 /home/alpagut/gcc-arm-none-eabi-8-2019-q3-update/bin/../lib/gcc/arm-none-eabi/8.3.1/../../../../arm-none-eabi/lib/thumb/v7-m/nofp/libg_nano.a(lib_a-nano-svfprintf.o)
 .debug_frame   0x0000000000001aa0       0x60 /home/alpagut/gcc-arm-none-eabi-8-2019-q3-update/bin/../lib/gcc/arm-none-eabi/8.3.1/../../../../arm-none-eabi/lib/thumb/v7-m/nofp/libg_nano.a(lib_a-nano-vfprintf_i.o)
 .debug_frame   0x0000000000001b00       0x28 /home/alpagut/gcc-arm-none-eabi-8-2019-q3-update/bin/../lib/gcc/arm-none-eabi/8.3.1/../../../../arm-none-eabi/lib/thumb/v7-m/nofp/libg_nano.a(lib_a-memchr-stub.o)
 .debug_frame   0x0000000000001b28       0x28 /home/alpagut/gcc-arm-none-eabi-8-2019-q3-update/bin/../lib/gcc/arm-none-eabi/8.3.1/../../../../arm-none-eabi/lib/thumb/v7-m/nofp/libg_nano.a(lib_a-memcpy-stub.o)
 .debug_frame   0x0000000000001b50       0x28 /home/alpagut/gcc-arm-none-eabi-8-2019-q3-update/bin/../lib/gcc/arm-none-eabi/8.3.1/../../../../arm-none-eabi/lib/thumb/v7-m/nofp/libg_nano.a(lib_a-memmove.o)
 .debug_frame   0x0000000000001b78       0x38 /home/alpagut/gcc-arm-none-eabi-8-2019-q3-update/bin/../lib/gcc/arm-none-eabi/8.3.1/../../../../arm-none-eabi/lib/thumb/v7-m/nofp/libg_nano.a(lib_a-nano-freer.o)
 .debug_frame   0x0000000000001bb0       0x30 /home/alpagut/gcc-arm-none-eabi-8-2019-q3-update/bin/../lib/gcc/arm-none-eabi/8.3.1/../../../../arm-none-eabi/lib/thumb/v7-m/nofp/libg_nano.a(lib_a-nano-mallocr.o)
 .debug_frame   0x0000000000001be0       0x3c /home/alpagut/gcc-arm-none-eabi-8-2019-q3-update/bin/../lib/gcc/arm-none-eabi/8.3.1/../../../../arm-none-eabi/lib/thumb/v7-m/nofp/libg_nano.a(lib_a-nano-reallocr.o)
 .debug_frame   0x0000000000001c1c       0x2c /home/alpagut/gcc-arm-none-eabi-8-2019-q3-update/bin/../lib/gcc/arm-none-eabi/8.3.1/../../../../arm-none-eabi/lib/thumb/v7-m/nofp/libg_nano.a(lib_a-sbrkr.o)
 .debug_frame   0x0000000000001c48       0x30 /home/alpagut/gcc-arm-none-eabi-8-2019-q3-update/bin/../lib/gcc/arm-none-eabi/8.3.1/../../../../arm-none-eabi/lib/thumb/v7-m/nofp/libg_nano.a(lib_a-mlock.o)
 .debug_frame   0x0000000000001c78       0x20 /home/alpagut/gcc-arm-none-eabi-8-2019-q3-update/bin/../lib/gcc/arm-none-eabi/8.3.1/../../../../arm-none-eabi/lib/thumb/v7-m/nofp/libg_nano.a(lib_a-nano-msizer.o)
 .debug_frame   0x0000000000001c98       0x5c /home/alpagut/gcc-arm-none-eabi-8-2019-q3-update/bin/../lib/gcc/arm-none-eabi/8.3.1/../../../../arm-none-eabi/lib/thumb/v7-m/nofp/libg_nano.a(lib_a-reent.o)
 .debug_frame   0x0000000000001cf4       0xb0 /home/alpagut/gcc-arm-none-eabi-8-2019-q3-update/bin/../lib/gcc/arm-none-eabi/8.3.1/../../../../arm-none-eabi/lib/thumb/v7-m/nofp/libg_nano.a(lib_a-lock.o)
 .debug_frame   0x0000000000001da4      0x14c /home/alpagut/gcc-arm-none-eabi-8-2019-q3-update/bin/../lib/gcc/arm-none-eabi/8.3.1/../../../../arm-none-eabi/lib/thumb/v7-m/nofp/libc_nano.a(lib_a-findfp.o)

.debug_info     0x0000000000000000     0xd26c
 .debug_info    0x0000000000000000     0x1b2e /tmp/cc49dUAw.o
 .debug_info    0x0000000000001b2e      0x4c0 /tmp/cc5X13yw.o
 .debug_info    0x0000000000001fee      0xd92 /tmp/cckooa4x.o
 .debug_info    0x0000000000002d80      0x942 /tmp/cc57dXfv.o
 .debug_info    0x00000000000036c2      0xca3 /tmp/ccKe7fUF.o
 .debug_info    0x0000000000004365      0xa39 /tmp/ccUSQ0pf.o
 .debug_info    0x0000000000004d9e     0x2854 /tmp/cc7NOXgi.o
 .debug_info    0x00000000000075f2      0xc50 /tmp/ccMo7s3D.o
 .debug_info    0x0000000000008242      0x544 /tmp/ccg4bJYm.o
 .debug_info    0x0000000000008786     0x13cb /tmp/ccuKGNAK.o
 .debug_info    0x0000000000009b51      0xaad /tmp/ccTzhxH8.o
 .debug_info    0x000000000000a5fe      0xe1c /tmp/cccA7ppx.o
 .debug_info    0x000000000000b41a     0x1150 /tmp/ccK4UqRW.o
 .debug_info    0x000000000000c56a      0xce0 /tmp/ccFw5CCm.o
 .debug_info    0x000000000000d24a       0x22 /tmp/ccdZwnrM.o

.debug_abbrev   0x0000000000000000     0x23fc
 .debug_abbrev  0x0000000000000000      0x37d /tmp/cc49dUAw.o
 .debug_abbrev  0x000000000000037d      0x1ec /tmp/cc5X13yw.o
 .debug_abbrev  0x0000000000000569      0x233 /tmp/cckooa4x.o
 .debug_abbrev  0x000000000000079c      0x259 /tmp/cc57dXfv.o
 .debug_abbrev  0x00000000000009f5      0x2ac /tmp/ccKe7fUF.o
 .debug_abbrev  0x0000000000000ca1      0x2bf /tmp/ccUSQ0pf.o
 .debug_abbrev  0x0000000000000f60      0x34d /tmp/cc7NOXgi.o
 .debug_abbrev  0x00000000000012ad      0x220 /tmp/ccMo7s3D.o
 .debug_abbrev  0x00000000000014cd      0x1be /tmp/ccg4bJYm.o
 .debug_abbrev  0x000000000000168b      0x338 /tmp/ccuKGNAK.o
 .debug_abbrev  0x00000000000019c3      0x207 /tmp/ccTzhxH8.o
 .debug_abbrev  0x0000000000001bca      0x2a5 /tmp/cccA7ppx.o
 .debug_abbrev  0x0000000000001e6f      0x2fc /tmp/ccK4UqRW.o
 .debug_abbrev  0x000000000000216b      0x27f /tmp/ccFw5CCm.o
 .debug_abbrev  0x00000000000023ea       0x12 /tmp/ccdZwnrM.o

.debug_loc      0x0000000000000000     0x5536
 .debug_loc     0x0000000000000000      0x157 /tmp/cc49dUAw.o
 .debug_loc     0x0000000000000157       0xd6 /tmp/cc5X13yw.o
 .debug_loc     0x000000000000022d      0xb0c /tmp/cckooa4x.o
 .debug_loc     0x0000000000000d39      0x6c6 /tmp/cc57dXfv.o
 .debug_loc     0x00000000000013ff      0x726 /tmp/ccKe7fUF.o
 .debug_loc     0x0000000000001b25      0x6d2 /tmp/ccUSQ0pf.o
 .debug_loc     0x00000000000021f7     0x217f /tmp/cc7NOXgi.o
 .debug_loc     0x0000000000004376      0x989 /tmp/ccMo7s3D.o
 .debug_loc     0x0000000000004cff      0x19b /tmp/ccg4bJYm.o
 .debug_loc     0x0000000000004e9a      0x3b2 /tmp/ccuKGNAK.o
 .debug_loc     0x000000000000524c       0x64 /tmp/ccTzhxH8.o
 .debug_loc     0x00000000000052b0      0x186 /tmp/cccA7ppx.o
 .debug_loc     0x0000000000005436       0x53 /tmp/ccK4UqRW.o
 .debug_loc     0x0000000000005489       0xad /tmp/ccFw5CCm.o

.debug_aranges  0x0000000000000000      0x1f8
 .debug_aranges
                0x0000000000000000       0x28 /tmp/cc49dUAw.o
 .debug_aranges
                0x0000000000000028       0x20 /tmp/cc5X13yw.o
 .debug_aranges
                0x0000000000000048       0x20 /tmp/cckooa4x.o
 .debug_aranges
                0x0000000000000068       0x20 /tmp/cc57dXfv.o
 .debug_aranges
                0x0000000000000088       0x20 /tmp/ccKe7fUF.o
 .debug_aranges
                0x00000000000000a8       0x20 /tmp/ccUSQ0pf.o
 .debug_aranges
                0x00000000000000c8       0x20 /tmp/cc7NOXgi.o
 .debug_aranges
                0x00000000000000e8       0x20 /tmp/ccMo7s3D.o
 .debug_aranges
                0x0000000000000108       0x20 /tmp/ccg4bJYm.o
 .debug_aranges
                0x0000000000000128       0x20 /tmp/ccuKGNAK.o
 .debug_aranges
                0x0000000000000148       0x20 /tmp/ccTzhxH8.o
 .debug_aranges
                0x0000000000000168       0x20 /tmp/cccA7ppx.o
 .debug_aranges
                0x0000000000000188       0x20 /tmp/ccK4UqRW.o
 .debug_aranges
                0x00000000000001a8       0x28 /tmp/ccFw5CCm.o
 .debug_aranges
                0x00000000000001d0       0x28 /tmp/ccdZwnrM.o

.debug_ranges   0x0000000000000000      0x218
 .debug_ranges  0x0000000000000000       0x30 /tmp/cc49dUAw.o
 .debug_ranges  0x0000000000000030       0x58 /tmp/cc5X13yw.o
 .debug_ranges  0x0000000000000088       0x28 /tmp/ccUSQ0pf.o
 .debug_ranges  0x00000000000000b0      0x100 /tmp/cc7NOXgi.o
 .debug_ranges  0x00000000000001b0       0x30 /tmp/ccK4UqRW.o
 .debug_ranges  0x00000000000001e0       0x18 /tmp/ccFw5CCm.o
 .debug_ranges  0x00000000000001f8       0x20 /tmp/ccdZwnrM.o

.debug_line     0x0000000000000000     0x65a2
 .debug_line    0x0000000000000000      0x720 /tmp/cc49dUAw.o
 .debug_line    0x0000000000000720      0x3bb /tmp/cc5X13yw.o
 .debug_line    0x0000000000000adb      0x942 /tmp/cckooa4x.o
 .debug_line    0x000000000000141d      0x715 /tmp/cc57dXfv.o
 .debug_line    0x0000000000001b32      0x86a /tmp/ccKe7fUF.o
 .debug_line    0x000000000000239c      0x86b /tmp/ccUSQ0pf.o
 .debug_line    0x0000000000002c07     0x19d1 /tmp/cc7NOXgi.o
 .debug_line    0x00000000000045d8      0x871 /tmp/ccMo7s3D.o
 .debug_line    0x0000000000004e49      0x33d /tmp/ccg4bJYm.o
 .debug_line    0x0000000000005186      0x52a /tmp/ccuKGNAK.o
 .debug_line    0x00000000000056b0      0x348 /tmp/ccTzhxH8.o
 .debug_line    0x00000000000059f8      0x3b2 /tmp/cccA7ppx.o
 .debug_line    0x0000000000005daa      0x4d8 /tmp/ccK4UqRW.o
 .debug_line    0x0000000000006282      0x24c /tmp/ccFw5CCm.o
 .debug_line    0x00000000000064ce       0xd4 /tmp/ccdZwnrM.o

.debug_str      0x0000000000000000     0x31e2
 .debug_str     0x0000000000000000     0x1041 /tmp/cc49dUAw.o
                                       0x1108 (size before relaxing)
 .debug_str     0x0000000000001041      0x13b /tmp/cc5X13yw.o
                                        0x339 (size before relaxing)
 .debug_str     0x000000000000117c      0x430 /tmp/cckooa4x.o
                                        0x775 (size before relaxing)
 .debug_str     0x00000000000015ac      0x25c /tmp/cc57dXfv.o
                                        0x593 (size before relaxing)
 .debug_str     0x0000000000001808      0x471 /tmp/ccKe7fUF.o
                                        0x6f2 (size before relaxing)
 .debug_str     0x0000000000001c79      0x303 /tmp/ccUSQ0pf.o
                                        0x67d (size before relaxing)
 .debug_str     0x0000000000001f7c      0x96e /tmp/cc7NOXgi.o
                                        0xe6e (size before relaxing)
 .debug_str     0x00000000000028ea      0x42c /tmp/ccMo7s3D.o
                                        0x733 (size before relaxing)
 .debug_str     0x0000000000002d16      0x15f /tmp/ccg4bJYm.o
                                        0x41b (size before relaxing)
 .debug_str     0x0000000000002e75       0xa1 /tmp/ccuKGNAK.o
                                        0x95d (size before relaxing)
 .debug_str     0x0000000000002f16       0x20 /tmp/ccTzhxH8.o
                                        0x65e (size before relaxing)
 .debug_str     0x0000000000002f36       0x3c /tmp/cccA7ppx.o
                                        0x80d (size before relaxing)
 .debug_str     0x0000000000002f72       0x96 /tmp/ccK4UqRW.o
                                        0xca7 (size before relaxing)
 .debug_str     0x0000000000003008      0x154 /tmp/ccFw5CCm.o
                                        0x732 (size before relaxing)
 .debug_str     0x000000000000315c       0x86 /tmp/ccdZwnrM.o
                                         0xb0 (size before relaxing)

.comment        0x0000000000000000       0x76
 .comment       0x0000000000000000       0x76 /tmp/cc49dUAw.o
                                         0x77 (size before relaxing)
 .comment       0x0000000000000076       0x77 /tmp/cc5X13yw.o
 .comment       0x0000000000000076       0x77 /tmp/cckooa4x.o
 .comment       0x0000000000000076       0x77 /tmp/cc57dXfv.o
 .comment       0x0000000000000076       0x77 /tmp/ccKe7fUF.o
 .comment       0x0000000000000076       0x77 /tmp/ccUSQ0pf.o
 .comment       0x0000000000000076       0x77 /tmp/cc7NOXgi.o
 .comment       0x0000000000000076       0x77 /tmp/ccMo7s3D.o
 .comment       0x0000000000000076       0x77 /tmp/ccg4bJYm.o
 .comment       0x0000000000000076       0x77 /tmp/ccuKGNAK.o
 .comment       0x0000000000000076       0x77 /tmp/ccTzhxH8.o
 .comment       0x0000000000000076       0x77 /tmp/cccA7ppx.o
 .comment       0x0000000000000076       0x77 /tmp/ccK4UqRW.o
 .comment       0x0000000000000076       0x77 /tmp/ccFw5CCm.o
